WARNING: All log messages before absl::InitializeLog() is called are written to STDERR
I0000 00:00:1783099652.398676 1241069 port.cc:153] oneDNN custom operations are on. You may see slightly different numerical results due to floating-point round-off errors from different computation orders. To turn them off, set the environment variable `TF_ENABLE_ONEDNN_OPTS=0`.
WARNING: All log messages before absl::InitializeLog() is called are written to STDERR
I0000 00:00:1783099654.047294 1241069 port.cc:153] oneDNN custom operations are on. You may see slightly different numerical results due to floating-point round-off errors from different computation orders. To turn them off, set the environment variable `TF_ENABLE_ONEDNN_OPTS=0`.
=== BPonF FREE-LATENT (backprop Adam on F THROUGH the unrolled 8-step relaxation) === smoke=False COCO=train2017 n_train=8000 n_eval=2000 seeds=[0] lr=0.0003 epochs=150 batchj=32 | bar: held-out lat_retr > 3/2000 | fit gate = outcome, not void
[data] reused cache (22000, 64, 64, 3)

----- BPonF-free seed 0: train=8000 eval=2000 V=49 params=156.7M | Adam lr=0.0003 batchj=32 epochs=150 (37500 steps, ramp 300) | 8-step UNROLLED relaxation in training | chance eval=0.00050
  [probe] S-update trace (relaxation INSIDE the training graph):
    relax step 1/8: F_sum=0.18960 mean|dS|=9.564e-07
    relax step 2/8: F_sum=0.18960 mean|dS|=8.608e-07
    relax step 3/8: F_sum=0.18960 mean|dS|=7.747e-07
    relax step 4/8: F_sum=0.18960 mean|dS|=6.972e-07
    relax step 5/8: F_sum=0.18960 mean|dS|=6.275e-07
    relax step 6/8: F_sum=0.18960 mean|dS|=5.648e-07
    relax step 7/8: F_sum=0.18960 mean|dS|=5.083e-07
    relax step 8/8: F_sum=0.18960 mean|dS|=4.575e-07
  grad coverage THROUGH the unrolled relaxation: 68/68 tensors receive non-None grads | decoder/proj tensors with grads: 8/8 -> ['B_DI', 'B_DT', 'W_DI', 'W_DT', 'proj0', 'proj1', 'proj2', 'proj3']
  trajectory contribution (rel grad diff, unrolled vs detached-S): max=7.720e-04 on W_DI; top5=[('W_DI', '7.72e-04'), ('W_DT', '7.64e-04'), ('Wq0', '2.34e-04'), ('Wk0', '2.27e-04'), ('Wi1', '2.04e-04')]
    [bpf]    50/37500 F=8.8690e-02 move=1.4% lr=5.0e-05 t=0.3m
    [bpf]   100/37500 F=8.3153e-02 move=4.2% lr=1.0e-04 t=0.4m
    [bpf]   150/37500 F=7.7938e-02 move=6.0% lr=1.5e-04 t=0.6m
    [bpf]   200/37500 F=6.0394e-02 move=9.2% lr=2.0e-04 t=0.7m
    [bpf]   250/37500 F=6.0021e-02 move=11.1% lr=2.5e-04 t=0.8m
    [bpf]   250/37500 train lat_retr=0.001 align=0.936 (best 0.001, gate 0.95)
    [bpf]   300/37500 F=5.6869e-02 move=12.5% lr=3.0e-04 t=1.0m
    [bpf]   350/37500 F=5.4648e-02 move=13.5% lr=3.0e-04 t=1.1m
    [bpf]   400/37500 F=5.2014e-02 move=14.5% lr=3.0e-04 t=1.3m
    [bpf]   450/37500 F=5.0369e-02 move=15.2% lr=3.0e-04 t=1.4m
    [bpf]   500/37500 F=4.9055e-02 move=15.6% lr=3.0e-04 t=1.5m
    [bpf]   500/37500 train lat_retr=0.001 align=0.854 (best 0.001, gate 0.95)
    [bpf]   550/37500 F=5.6424e-02 move=16.0% lr=3.0e-04 t=1.7m
    [bpf]   600/37500 F=4.8582e-02 move=16.3% lr=3.0e-04 t=1.8m
    [bpf]   650/37500 F=4.7028e-02 move=16.6% lr=3.0e-04 t=2.0m
    [bpf]   700/37500 F=5.0789e-02 move=16.9% lr=3.0e-04 t=2.1m
    [bpf]   750/37500 F=5.1417e-02 move=17.1% lr=3.0e-04 t=2.2m
    [bpf]   750/37500 train lat_retr=0.000 align=0.859 (best 0.001, gate 0.95)
    [bpf]   800/37500 F=5.4344e-02 move=17.3% lr=3.0e-04 t=2.4m
    [bpf]   850/37500 F=4.9797e-02 move=17.6% lr=3.0e-04 t=2.5m
    [bpf]   900/37500 F=5.0605e-02 move=17.9% lr=3.0e-04 t=2.7m
    [bpf]   950/37500 F=5.0714e-02 move=18.2% lr=3.0e-04 t=2.8m
    [bpf]  1000/37500 F=5.5633e-02 move=19.3% lr=3.0e-04 t=3.0m
    [bpf]  1000/37500 train lat_retr=0.002 align=0.898 (best 0.002, gate 0.95)
    [bpf]  1050/37500 F=5.2005e-02 move=19.6% lr=3.0e-04 t=3.1m
    [bpf]  1100/37500 F=4.7794e-02 move=19.8% lr=3.0e-04 t=3.2m
    [bpf]  1150/37500 F=4.9474e-02 move=20.1% lr=3.0e-04 t=3.4m
    [bpf]  1200/37500 F=5.2236e-02 move=20.2% lr=3.0e-04 t=3.5m
    [bpf]  1250/37500 F=5.4299e-02 move=20.4% lr=3.0e-04 t=3.7m
    [bpf]  1250/37500 train lat_retr=0.001 align=0.893 (best 0.002, gate 0.95)
    [bpf]  1300/37500 F=5.0333e-02 move=20.7% lr=3.0e-04 t=3.8m
    [bpf]  1350/37500 F=5.2307e-02 move=20.9% lr=3.0e-04 t=3.9m
    [bpf]  1400/37500 F=5.1161e-02 move=21.3% lr=3.0e-04 t=4.1m
    [bpf]  1450/37500 F=5.0108e-02 move=21.7% lr=3.0e-04 t=4.2m
    [bpf]  1500/37500 F=5.2200e-02 move=21.9% lr=3.0e-04 t=4.4m
    [bpf]  1500/37500 train lat_retr=0.002 align=0.889 (best 0.002, gate 0.95)
    [bpf]  1550/37500 F=4.8867e-02 move=23.0% lr=3.0e-04 t=4.5m
    [bpf]  1600/37500 F=4.8313e-02 move=23.2% lr=3.0e-04 t=4.6m
    [bpf]  1650/37500 F=4.9677e-02 move=23.4% lr=3.0e-04 t=4.8m
    [bpf]  1700/37500 F=4.9395e-02 move=23.8% lr=3.0e-04 t=4.9m
    [bpf]  1750/37500 F=4.9084e-02 move=24.1% lr=3.0e-04 t=5.1m
    [bpf]  1750/37500 train lat_retr=0.001 align=0.883 (best 0.002, gate 0.95)
    [bpf]  1800/37500 F=5.0655e-02 move=24.5% lr=3.0e-04 t=5.2m
    [bpf]  1850/37500 F=4.6051e-02 move=24.8% lr=3.0e-04 t=5.3m
    [bpf]  1900/37500 F=5.0736e-02 move=25.1% lr=3.0e-04 t=5.5m
    [bpf]  1950/37500 F=4.6633e-02 move=26.6% lr=3.0e-04 t=5.6m
    [bpf]  2000/37500 F=4.7431e-02 move=27.1% lr=3.0e-04 t=5.8m
    [bpf]  2000/37500 train lat_retr=0.001 align=0.900 (best 0.002, gate 0.95)
    [bpf]  2050/37500 F=4.4148e-02 move=27.3% lr=3.0e-04 t=5.9m
    [bpf]  2100/37500 F=4.6884e-02 move=27.6% lr=3.0e-04 t=6.0m
    [bpf]  2150/37500 F=4.3917e-02 move=27.9% lr=3.0e-04 t=6.2m
    [bpf]  2200/37500 F=4.6078e-02 move=28.1% lr=3.0e-04 t=6.3m
    [bpf]  2250/37500 F=4.1219e-02 move=28.4% lr=3.0e-04 t=6.5m
    [bpf]  2250/37500 train lat_retr=0.001 align=0.884 (best 0.002, gate 0.95)
    [bpf]  2300/37500 F=4.7358e-02 move=28.6% lr=3.0e-04 t=6.6m
    [bpf]  2350/37500 F=5.0460e-02 move=28.8% lr=3.0e-04 t=6.7m
    [bpf]  2400/37500 F=4.6470e-02 move=28.9% lr=3.0e-04 t=6.9m
    [bpf]  2450/37500 F=4.8664e-02 move=29.1% lr=3.0e-04 t=7.0m
    [bpf]  2500/37500 F=4.6277e-02 move=29.3% lr=3.0e-04 t=7.2m
    [bpf]  2500/37500 train lat_retr=0.001 align=0.870 (best 0.002, gate 0.95)
    [bpf]  2550/37500 F=4.3752e-02 move=29.5% lr=3.0e-04 t=7.3m
    [bpf]  2600/37500 F=4.6149e-02 move=29.7% lr=3.0e-04 t=7.4m
    [bpf]  2650/37500 F=4.8764e-02 move=29.8% lr=3.0e-04 t=7.6m
    [bpf]  2700/37500 F=4.9296e-02 move=30.0% lr=3.0e-04 t=7.7m
    [bpf]  2750/37500 F=5.1078e-02 move=30.5% lr=3.0e-04 t=7.8m
    [bpf]  2750/37500 train lat_retr=0.002 align=0.880 (best 0.002, gate 0.95)
    [bpf]  2800/37500 F=4.4432e-02 move=31.0% lr=3.0e-04 t=8.0m
    [bpf]  2850/37500 F=4.5292e-02 move=31.5% lr=3.0e-04 t=8.1m
    [bpf]  2900/37500 F=4.2356e-02 move=31.7% lr=3.0e-04 t=8.2m
    [bpf]  2950/37500 F=4.3221e-02 move=31.9% lr=3.0e-04 t=8.4m
    [bpf]  3000/37500 F=4.8095e-02 move=32.1% lr=3.0e-04 t=8.5m
    [bpf]  3000/37500 train lat_retr=0.001 align=0.882 (best 0.002, gate 0.95)
    [bpf]  3050/37500 F=4.7593e-02 move=32.3% lr=3.0e-04 t=8.7m
    [bpf]  3100/37500 F=4.4481e-02 move=32.5% lr=3.0e-04 t=8.8m
    [bpf]  3150/37500 F=4.4854e-02 move=32.7% lr=3.0e-04 t=8.9m
    [bpf]  3200/37500 F=4.3944e-02 move=33.0% lr=3.0e-04 t=9.1m
    [bpf]  3250/37500 F=4.1781e-02 move=33.2% lr=3.0e-04 t=9.2m
    [bpf]  3250/37500 train lat_retr=0.002 align=0.882 (best 0.002, gate 0.95)
    [bpf]  3300/37500 F=4.3046e-02 move=33.4% lr=3.0e-04 t=9.4m
    [bpf]  3350/37500 F=4.2460e-02 move=33.7% lr=3.0e-04 t=9.5m
    [bpf]  3400/37500 F=4.3404e-02 move=33.9% lr=3.0e-04 t=9.6m
    [bpf]  3450/37500 F=4.1324e-02 move=34.1% lr=3.0e-04 t=9.8m
    [bpf]  3500/37500 F=4.0710e-02 move=34.2% lr=3.0e-04 t=9.9m
    [bpf]  3500/37500 train lat_retr=0.002 align=0.889 (best 0.002, gate 0.95)
    [bpf]  3550/37500 F=4.3602e-02 move=34.5% lr=3.0e-04 t=10.1m
    [bpf]  3600/37500 F=4.2729e-02 move=34.7% lr=3.0e-04 t=10.2m
    [bpf]  3650/37500 F=4.3281e-02 move=34.9% lr=3.0e-04 t=10.3m
    [bpf]  3700/37500 F=3.9309e-02 move=35.1% lr=3.0e-04 t=10.5m
    [bpf]  3750/37500 F=4.1309e-02 move=35.3% lr=3.0e-04 t=10.6m
    [bpf]  3750/37500 train lat_retr=0.002 align=0.882 (best 0.002, gate 0.95)
    [bpf]  3800/37500 F=4.5397e-02 move=35.5% lr=3.0e-04 t=10.8m
    [bpf]  3850/37500 F=3.8603e-02 move=35.8% lr=3.0e-04 t=10.9m
    [bpf]  3900/37500 F=4.3807e-02 move=36.0% lr=3.0e-04 t=11.0m
    [bpf]  3950/37500 F=4.6633e-02 move=36.3% lr=3.0e-04 t=11.2m
    [bpf]  4000/37500 F=4.1445e-02 move=36.5% lr=3.0e-04 t=11.3m
    [bpf]  4000/37500 train lat_retr=0.001 align=0.889 (best 0.002, gate 0.95)
    [bpf]  4050/37500 F=4.4886e-02 move=36.7% lr=3.0e-04 t=11.5m
    [bpf]  4100/37500 F=4.5733e-02 move=36.9% lr=3.0e-04 t=11.6m
    [bpf]  4150/37500 F=4.8285e-02 move=37.2% lr=3.0e-04 t=11.7m
    [bpf]  4200/37500 F=4.2035e-02 move=37.4% lr=3.0e-04 t=11.9m
    [bpf]  4250/37500 F=4.4546e-02 move=37.7% lr=3.0e-04 t=12.0m
    [bpf]  4250/37500 train lat_retr=0.001 align=0.886 (best 0.002, gate 0.95)
    [bpf]  4300/37500 F=4.0749e-02 move=37.9% lr=3.0e-04 t=12.2m
    [bpf]  4350/37500 F=4.6014e-02 move=38.1% lr=3.0e-04 t=12.3m
    [bpf]  4400/37500 F=4.2288e-02 move=38.3% lr=3.0e-04 t=12.4m
    [bpf]  4450/37500 F=4.1595e-02 move=38.6% lr=3.0e-04 t=12.6m
    [bpf]  4500/37500 F=4.3522e-02 move=38.8% lr=3.0e-04 t=12.7m
    [bpf]  4500/37500 train lat_retr=0.001 align=0.894 (best 0.002, gate 0.95)
    [bpf]  4550/37500 F=4.0072e-02 move=39.1% lr=3.0e-04 t=12.9m
    [bpf]  4600/37500 F=4.1764e-02 move=39.3% lr=3.0e-04 t=13.0m
    [bpf]  4650/37500 F=4.2269e-02 move=39.5% lr=3.0e-04 t=13.1m
    [bpf]  4700/37500 F=4.0617e-02 move=39.7% lr=3.0e-04 t=13.3m
    [bpf]  4750/37500 F=4.2082e-02 move=39.8% lr=3.0e-04 t=13.4m
    [bpf]  4750/37500 train lat_retr=0.001 align=0.896 (best 0.002, gate 0.95)
    [bpf]  4800/37500 F=4.4518e-02 move=40.0% lr=3.0e-04 t=13.6m
    [bpf]  4850/37500 F=4.1606e-02 move=40.3% lr=3.0e-04 t=13.7m
    [bpf]  4900/37500 F=4.1365e-02 move=40.5% lr=3.0e-04 t=13.8m
    [bpf]  4950/37500 F=4.7773e-02 move=40.7% lr=3.0e-04 t=13.9m
    [bpf]  5000/37500 F=4.5644e-02 move=40.9% lr=3.0e-04 t=14.1m
    [bpf]  5000/37500 train lat_retr=0.001 align=0.899 (best 0.002, gate 0.95)
    [bpf]  5050/37500 F=4.4102e-02 move=41.2% lr=3.0e-04 t=14.2m
    [bpf]  5100/37500 F=4.5208e-02 move=41.4% lr=3.0e-04 t=14.3m
    [bpf]  5150/37500 F=4.4109e-02 move=41.7% lr=3.0e-04 t=14.5m
    [bpf]  5200/37500 F=4.3198e-02 move=42.0% lr=3.0e-04 t=14.6m
    [bpf]  5250/37500 F=3.9072e-02 move=42.3% lr=3.0e-04 t=14.7m
    [bpf]  5250/37500 train lat_retr=0.001 align=0.889 (best 0.002, gate 0.95)
    [bpf]  5300/37500 F=4.2553e-02 move=42.6% lr=3.0e-04 t=14.9m
    [bpf]  5350/37500 F=4.3572e-02 move=42.9% lr=3.0e-04 t=15.0m
    [bpf]  5400/37500 F=4.1937e-02 move=43.2% lr=3.0e-04 t=15.2m
    [bpf]  5450/37500 F=4.1804e-02 move=43.5% lr=3.0e-04 t=15.3m
    [bpf]  5500/37500 F=4.1890e-02 move=43.8% lr=3.0e-04 t=15.4m
    [bpf]  5500/37500 train lat_retr=0.001 align=0.892 (best 0.002, gate 0.95)
    [bpf]  5550/37500 F=4.4167e-02 move=44.0% lr=3.0e-04 t=15.6m
    [bpf]  5600/37500 F=4.6894e-02 move=45.1% lr=3.0e-04 t=15.7m
    [bpf]  5650/37500 F=9.7758e+03 move=83.8% lr=3.0e-04 t=15.8m
    [bpf]  5700/37500 F=2.9560e+03 move=94.7% lr=3.0e-04 t=15.9m
    [bpf]  5750/37500 F=2.8810e+03 move=95.1% lr=3.0e-04 t=16.1m
    [bpf]  5750/37500 train lat_retr=0.001 align=0.222 (best 0.002, gate 0.95)
    [bpf]  5800/37500 F=2.5149e+03 move=95.3% lr=3.0e-04 t=16.2m
    [bpf]  5850/37500 F=2.1408e+03 move=95.5% lr=3.0e-04 t=16.3m
    [bpf]  5900/37500 F=2.1314e+03 move=95.7% lr=3.0e-04 t=16.5m
    [bpf]  5950/37500 F=1.9963e+03 move=95.9% lr=3.0e-04 t=16.6m
    [bpf]  6000/37500 F=2.0524e+03 move=96.0% lr=3.0e-04 t=16.7m
    [bpf]  6000/37500 train lat_retr=0.001 align=0.309 (best 0.002, gate 0.95)
    [bpf]  6050/37500 F=1.8731e+03 move=96.2% lr=3.0e-04 t=16.9m
    [bpf]  6100/37500 F=1.7196e+03 move=96.3% lr=3.0e-04 t=17.0m
    [bpf]  6150/37500 F=1.6569e+03 move=96.4% lr=3.0e-04 t=17.1m
    [bpf]  6200/37500 F=1.5280e+03 move=96.6% lr=3.0e-04 t=17.3m
    [bpf]  6250/37500 F=1.4328e+03 move=96.7% lr=3.0e-04 t=17.4m
    [bpf]  6250/37500 train lat_retr=0.001 align=0.369 (best 0.002, gate 0.95)
    [bpf]  6300/37500 F=1.4832e+03 move=96.8% lr=3.0e-04 t=17.5m
    [bpf]  6350/37500 F=1.4403e+03 move=97.0% lr=3.0e-04 t=17.7m
    [bpf]  6400/37500 F=1.3883e+03 move=97.1% lr=3.0e-04 t=17.8m
    [bpf]  6450/37500 F=1.3040e+03 move=97.2% lr=3.0e-04 t=17.9m
    [bpf]  6500/37500 F=1.3692e+03 move=97.4% lr=3.0e-04 t=18.1m
    [bpf]  6500/37500 train lat_retr=0.001 align=0.409 (best 0.002, gate 0.95)
    [bpf]  6550/37500 F=1.2592e+03 move=97.5% lr=3.0e-04 t=18.2m
    [bpf]  6600/37500 F=1.2545e+03 move=97.6% lr=3.0e-04 t=18.3m
    [bpf]  6650/37500 F=1.1974e+03 move=97.8% lr=3.0e-04 t=18.5m
    [bpf]  6700/37500 F=1.2931e+03 move=97.9% lr=3.0e-04 t=18.6m
    [bpf]  6750/37500 F=1.2478e+03 move=98.0% lr=3.0e-04 t=18.7m
    [bpf]  6750/37500 train lat_retr=0.001 align=0.433 (best 0.002, gate 0.95)
    [bpf]  6800/37500 F=1.2404e+03 move=98.1% lr=3.0e-04 t=18.9m
    [bpf]  6850/37500 F=1.2903e+03 move=98.2% lr=3.0e-04 t=19.0m
    [bpf]  6900/37500 F=1.1329e+03 move=98.3% lr=3.0e-04 t=19.2m
    [bpf]  6950/37500 F=1.2654e+03 move=98.5% lr=3.0e-04 t=19.3m
    [bpf]  7000/37500 F=1.2202e+03 move=98.6% lr=3.0e-04 t=19.4m
    [bpf]  7000/37500 train lat_retr=0.001 align=0.448 (best 0.002, gate 0.95)
    [bpf]  7050/37500 F=1.1748e+03 move=98.7% lr=3.0e-04 t=19.6m
    [bpf]  7100/37500 F=1.1260e+03 move=98.8% lr=3.0e-04 t=19.7m
    [bpf]  7150/37500 F=1.1844e+03 move=99.0% lr=3.0e-04 t=19.9m
    [bpf]  7200/37500 F=1.1755e+03 move=99.1% lr=3.0e-04 t=20.0m
    [bpf]  7250/37500 F=1.1130e+03 move=99.2% lr=3.0e-04 t=20.1m
    [bpf]  7250/37500 train lat_retr=0.001 align=0.456 (best 0.002, gate 0.95)
    [bpf]  7300/37500 F=1.1715e+03 move=99.4% lr=3.0e-04 t=20.3m
    [bpf]  7350/37500 F=1.0851e+03 move=99.5% lr=3.0e-04 t=20.4m
    [bpf]  7400/37500 F=1.1144e+03 move=99.6% lr=3.0e-04 t=20.5m
    [bpf]  7450/37500 F=1.1944e+03 move=99.7% lr=3.0e-04 t=20.7m
    [bpf]  7500/37500 F=1.1339e+03 move=99.8% lr=3.0e-04 t=20.8m
    [bpf]  7500/37500 train lat_retr=0.001 align=0.461 (best 0.002, gate 0.95)
    [bpf]  7550/37500 F=1.0432e+03 move=99.9% lr=3.0e-04 t=20.9m
    [bpf]  7600/37500 F=1.0848e+03 move=100.0% lr=3.0e-04 t=21.1m
    [bpf]  7650/37500 F=1.0661e+03 move=100.2% lr=3.0e-04 t=21.2m
    [bpf]  7700/37500 F=1.0511e+03 move=100.3% lr=3.0e-04 t=21.3m
    [bpf]  7750/37500 F=1.1955e+03 move=100.4% lr=3.0e-04 t=21.4m
    [bpf]  7750/37500 train lat_retr=0.001 align=0.464 (best 0.002, gate 0.95)
    [bpf]  7800/37500 F=1.0988e+03 move=100.6% lr=3.0e-04 t=21.6m
    [bpf]  7850/37500 F=1.0118e+03 move=100.7% lr=3.0e-04 t=21.7m
    [bpf]  7900/37500 F=1.0817e+03 move=100.8% lr=3.0e-04 t=21.9m
    [bpf]  7950/37500 F=1.0150e+03 move=101.0% lr=3.0e-04 t=22.0m
    [bpf]  8000/37500 F=1.0253e+03 move=101.0% lr=3.0e-04 t=22.1m
    [bpf]  8000/37500 train lat_retr=0.001 align=0.465 (best 0.002, gate 0.95)
    [bpf]  8050/37500 F=1.0265e+03 move=101.1% lr=3.0e-04 t=22.3m
    [bpf]  8100/37500 F=9.9709e+02 move=101.3% lr=3.0e-04 t=22.4m
    [bpf]  8150/37500 F=1.0843e+03 move=101.4% lr=3.0e-04 t=22.5m
    [bpf]  8200/37500 F=1.0305e+03 move=101.5% lr=3.0e-04 t=22.7m
    [bpf]  8250/37500 F=1.0561e+03 move=101.6% lr=3.0e-04 t=22.8m
    [bpf]  8250/37500 train lat_retr=0.001 align=0.467 (best 0.002, gate 0.95)
    [bpf]  8300/37500 F=1.0130e+03 move=101.8% lr=3.0e-04 t=23.0m
    [bpf]  8350/37500 F=9.4840e+02 move=101.9% lr=3.0e-04 t=23.1m
    [bpf]  8400/37500 F=1.0428e+03 move=102.0% lr=3.0e-04 t=23.2m
    [bpf]  8450/37500 F=9.9814e+02 move=102.2% lr=3.0e-04 t=23.3m
    [bpf]  8500/37500 F=1.0028e+03 move=102.3% lr=3.0e-04 t=23.5m
    [bpf]  8500/37500 train lat_retr=0.001 align=0.467 (best 0.002, gate 0.95)
    [bpf]  8550/37500 F=9.5531e+02 move=102.4% lr=3.0e-04 t=23.6m
    [bpf]  8600/37500 F=1.0205e+03 move=102.6% lr=3.0e-04 t=23.8m
    [bpf]  8650/37500 F=1.0074e+03 move=102.7% lr=3.0e-04 t=23.9m
    [bpf]  8700/37500 F=1.0570e+03 move=102.8% lr=3.0e-04 t=24.0m
    [bpf]  8750/37500 F=8.9991e+02 move=102.9% lr=3.0e-04 t=24.2m
    [bpf]  8750/37500 train lat_retr=0.001 align=0.467 (best 0.002, gate 0.95)
    [bpf]  8800/37500 F=9.7108e+02 move=103.1% lr=3.0e-04 t=24.3m
    [bpf]  8850/37500 F=9.6785e+02 move=103.3% lr=3.0e-04 t=24.5m
    [bpf]  8900/37500 F=9.2370e+02 move=103.4% lr=3.0e-04 t=24.6m
    [bpf]  8950/37500 F=9.2250e+02 move=103.5% lr=3.0e-04 t=24.7m
    [bpf]  9000/37500 F=9.3331e+02 move=103.6% lr=3.0e-04 t=24.9m
    [bpf]  9000/37500 train lat_retr=0.001 align=0.468 (best 0.002, gate 0.95)
    [bpf]  9050/37500 F=8.9661e+02 move=103.8% lr=3.0e-04 t=25.0m
    [bpf]  9100/37500 F=9.5533e+02 move=104.0% lr=3.0e-04 t=25.2m
    [bpf]  9150/37500 F=9.4536e+02 move=104.1% lr=3.0e-04 t=25.3m
    [bpf]  9200/37500 F=8.7975e+02 move=104.2% lr=3.0e-04 t=25.4m
    [bpf]  9250/37500 F=8.5627e+02 move=104.4% lr=3.0e-04 t=25.6m
    [bpf]  9250/37500 train lat_retr=0.001 align=0.468 (best 0.002, gate 0.95)
    [bpf]  9300/37500 F=8.6580e+02 move=104.5% lr=3.0e-04 t=25.7m
    [bpf]  9350/37500 F=8.1312e+02 move=104.7% lr=3.0e-04 t=25.9m
    [bpf]  9400/37500 F=8.6319e+02 move=104.8% lr=3.0e-04 t=26.0m
    [bpf]  9450/37500 F=8.3289e+02 move=104.9% lr=3.0e-04 t=26.1m
    [bpf]  9500/37500 F=8.7583e+02 move=105.1% lr=3.0e-04 t=26.3m
    [bpf]  9500/37500 train lat_retr=0.001 align=0.468 (best 0.002, gate 0.95)
    [bpf]  9550/37500 F=8.1509e+02 move=105.2% lr=3.0e-04 t=26.4m
    [bpf]  9600/37500 F=8.1368e+02 move=105.3% lr=3.0e-04 t=26.6m
    [bpf]  9650/37500 F=7.8162e+02 move=105.5% lr=3.0e-04 t=26.7m
    [bpf]  9700/37500 F=7.6429e+02 move=105.7% lr=3.0e-04 t=26.8m
    [bpf]  9750/37500 F=7.6663e+02 move=105.9% lr=3.0e-04 t=27.0m
    [bpf]  9750/37500 train lat_retr=0.001 align=0.469 (best 0.002, gate 0.95)
    [bpf]  9800/37500 F=7.8808e+02 move=105.9% lr=3.0e-04 t=27.1m
    [bpf]  9850/37500 F=7.7087e+02 move=106.1% lr=3.0e-04 t=27.3m
    [bpf]  9900/37500 F=7.9017e+02 move=106.3% lr=3.0e-04 t=27.4m
    [bpf]  9950/37500 F=7.1647e+02 move=106.4% lr=3.0e-04 t=27.5m
    [bpf] 10000/37500 F=7.4050e+02 move=106.6% lr=3.0e-04 t=27.7m
    [bpf] 10000/37500 train lat_retr=0.001 align=0.470 (best 0.002, gate 0.95)
    [bpf] 10050/37500 F=6.6910e+02 move=106.7% lr=3.0e-04 t=27.8m
    [bpf] 10100/37500 F=7.0427e+02 move=106.8% lr=3.0e-04 t=27.9m
    [bpf] 10150/37500 F=7.0285e+02 move=107.0% lr=3.0e-04 t=28.1m
    [bpf] 10200/37500 F=7.0066e+02 move=107.2% lr=3.0e-04 t=28.2m
    [bpf] 10250/37500 F=6.7370e+02 move=107.3% lr=3.0e-04 t=28.4m
    [bpf] 10250/37500 train lat_retr=0.001 align=0.472 (best 0.002, gate 0.95)
    [bpf] 10300/37500 F=6.5756e+02 move=107.5% lr=3.0e-04 t=28.5m
    [bpf] 10350/37500 F=7.1841e+02 move=107.7% lr=3.0e-04 t=28.6m
    [bpf] 10400/37500 F=6.7207e+02 move=107.8% lr=3.0e-04 t=28.8m
    [bpf] 10450/37500 F=1.7929e+03 move=108.1% lr=3.0e-04 t=28.9m
    [bpf] 10500/37500 F=7.7517e+02 move=108.6% lr=3.0e-04 t=29.0m
    [bpf] 10500/37500 train lat_retr=0.001 align=0.464 (best 0.002, gate 0.95)
    [bpf] 10550/37500 F=7.9988e+02 move=108.7% lr=3.0e-04 t=29.2m
    [bpf] 10600/37500 F=7.0648e+02 move=109.0% lr=3.0e-04 t=29.3m
    [bpf] 10650/37500 F=6.4960e+02 move=109.1% lr=3.0e-04 t=29.5m
    [bpf] 10700/37500 F=6.7725e+02 move=109.2% lr=3.0e-04 t=29.6m
    [bpf] 10750/37500 F=6.5899e+02 move=109.3% lr=3.0e-04 t=29.7m
    [bpf] 10750/37500 train lat_retr=0.001 align=0.473 (best 0.002, gate 0.95)
    [bpf] 10800/37500 F=6.6735e+02 move=109.4% lr=3.0e-04 t=29.9m
    [bpf] 10850/37500 F=6.7096e+02 move=109.4% lr=3.0e-04 t=30.0m
    [bpf] 10900/37500 F=6.0489e+02 move=109.3% lr=3.0e-04 t=30.1m
    [bpf] 10950/37500 F=6.3412e+02 move=109.4% lr=3.0e-04 t=30.3m
    [bpf] 11000/37500 F=6.3174e+02 move=109.4% lr=3.0e-04 t=30.4m
    [bpf] 11000/37500 train lat_retr=0.001 align=0.482 (best 0.002, gate 0.95)
    [bpf] 11050/37500 F=5.8425e+02 move=109.4% lr=3.0e-04 t=30.6m
    [bpf] 11100/37500 F=5.7561e+02 move=109.4% lr=3.0e-04 t=30.7m
    [bpf] 11150/37500 F=5.8628e+02 move=109.4% lr=3.0e-04 t=30.8m
    [bpf] 11200/37500 F=5.2360e+02 move=109.5% lr=3.0e-04 t=31.0m
    [bpf] 11250/37500 F=5.3902e+02 move=109.5% lr=3.0e-04 t=31.1m
    [bpf] 11250/37500 train lat_retr=0.001 align=0.494 (best 0.002, gate 0.95)
    [bpf] 11300/37500 F=5.1008e+02 move=109.5% lr=3.0e-04 t=31.2m
    [bpf] 11350/37500 F=4.7198e+02 move=109.5% lr=3.0e-04 t=31.4m
    [bpf] 11400/37500 F=5.1701e+02 move=109.5% lr=3.0e-04 t=31.5m
    [bpf] 11450/37500 F=4.5240e+02 move=109.5% lr=3.0e-04 t=31.6m
    [bpf] 11500/37500 F=5.3287e+02 move=109.6% lr=3.0e-04 t=31.8m
    [bpf] 11500/37500 train lat_retr=0.001 align=0.489 (best 0.002, gate 0.95)
    [bpf] 11550/37500 F=4.8796e+02 move=109.6% lr=3.0e-04 t=31.9m
    [bpf] 11600/37500 F=4.8085e+02 move=109.6% lr=3.0e-04 t=32.1m
    [bpf] 11650/37500 F=4.9098e+02 move=109.6% lr=3.0e-04 t=32.2m
    [bpf] 11700/37500 F=5.1222e+02 move=109.7% lr=3.0e-04 t=32.3m
    [bpf] 11750/37500 F=4.3247e+02 move=109.7% lr=3.0e-04 t=32.5m
    [bpf] 11750/37500 train lat_retr=0.001 align=0.503 (best 0.002, gate 0.95)
    [bpf] 11800/37500 F=4.0561e+02 move=109.7% lr=3.0e-04 t=32.6m
    [bpf] 11850/37500 F=4.1036e+02 move=109.7% lr=3.0e-04 t=32.8m
    [bpf] 11900/37500 F=3.7381e+02 move=109.7% lr=3.0e-04 t=32.9m
    [bpf] 11950/37500 F=3.8457e+02 move=109.7% lr=3.0e-04 t=33.0m
    [bpf] 12000/37500 F=3.7149e+02 move=109.7% lr=3.0e-04 t=33.2m
    [bpf] 12000/37500 train lat_retr=0.001 align=0.522 (best 0.002, gate 0.95)
    [bpf] 12050/37500 F=3.3681e+02 move=109.7% lr=3.0e-04 t=33.3m
    [bpf] 12100/37500 F=3.5303e+02 move=109.8% lr=3.0e-04 t=33.5m
    [bpf] 12150/37500 F=3.4269e+02 move=109.8% lr=3.0e-04 t=33.6m
    [bpf] 12200/37500 F=3.1382e+02 move=109.8% lr=3.0e-04 t=33.7m
    [bpf] 12250/37500 F=2.9477e+02 move=109.8% lr=3.0e-04 t=33.9m
    [bpf] 12250/37500 train lat_retr=0.001 align=0.543 (best 0.002, gate 0.95)
    [bpf] 12300/37500 F=2.7354e+02 move=109.8% lr=3.0e-04 t=34.0m
    [bpf] 12350/37500 F=2.8782e+02 move=109.8% lr=3.0e-04 t=34.2m
    [bpf] 12400/37500 F=2.6505e+02 move=109.8% lr=3.0e-04 t=34.3m
    [bpf] 12450/37500 F=2.5141e+02 move=109.8% lr=3.0e-04 t=34.4m
    [bpf] 12500/37500 F=2.2665e+02 move=109.8% lr=3.0e-04 t=34.6m
    [bpf] 12500/37500 train lat_retr=0.001 align=0.571 (best 0.002, gate 0.95)
    [bpf] 12550/37500 F=2.0967e+02 move=109.9% lr=3.0e-04 t=34.7m
    [bpf] 12600/37500 F=1.9918e+02 move=109.9% lr=3.0e-04 t=34.9m
    [bpf] 12650/37500 F=1.9870e+02 move=109.9% lr=3.0e-04 t=35.0m
    [bpf] 12700/37500 F=1.9053e+02 move=109.9% lr=3.0e-04 t=35.1m
    [bpf] 12750/37500 F=1.7272e+02 move=109.9% lr=3.0e-04 t=35.3m
    [bpf] 12750/37500 train lat_retr=0.001 align=0.607 (best 0.002, gate 0.95)
    [bpf] 12800/37500 F=1.5909e+02 move=109.9% lr=3.0e-04 t=35.4m
    [bpf] 12850/37500 F=1.5838e+02 move=109.9% lr=3.0e-04 t=35.5m
    [bpf] 12900/37500 F=1.5850e+02 move=109.9% lr=3.0e-04 t=35.7m
    [bpf] 12950/37500 F=1.4639e+02 move=110.0% lr=3.0e-04 t=35.8m
    [bpf] 13000/37500 F=1.3013e+02 move=110.0% lr=3.0e-04 t=35.9m
    [bpf] 13000/37500 train lat_retr=0.001 align=0.649 (best 0.002, gate 0.95)
    [bpf] 13050/37500 F=1.1729e+02 move=110.0% lr=3.0e-04 t=36.1m
    [bpf] 13100/37500 F=1.1689e+02 move=110.0% lr=3.0e-04 t=36.2m
    [bpf] 13150/37500 F=1.1467e+02 move=110.0% lr=3.0e-04 t=36.4m
    [bpf] 13200/37500 F=1.1247e+02 move=110.0% lr=3.0e-04 t=36.5m
    [bpf] 13250/37500 F=1.1246e+02 move=110.0% lr=3.0e-04 t=36.6m
    [bpf] 13250/37500 train lat_retr=0.001 align=0.692 (best 0.002, gate 0.95)
    [bpf] 13300/37500 F=9.1931e+01 move=110.0% lr=3.0e-04 t=36.8m
    [bpf] 13350/37500 F=8.5478e+01 move=110.3% lr=3.0e-04 t=36.9m
    [bpf] 13400/37500 F=8.3117e+01 move=110.3% lr=3.0e-04 t=37.1m
    [bpf] 13450/37500 F=8.0257e+01 move=110.3% lr=3.0e-04 t=37.2m
    [bpf] 13500/37500 F=9.5026e+01 move=110.4% lr=3.0e-04 t=37.3m
    [bpf] 13500/37500 train lat_retr=0.001 align=0.739 (best 0.002, gate 0.95)
    [bpf] 13550/37500 F=8.2546e+01 move=110.4% lr=3.0e-04 t=37.5m
    [bpf] 13600/37500 F=6.4361e+01 move=110.4% lr=3.0e-04 t=37.6m
    [bpf] 13650/37500 F=9.8297e+01 move=110.8% lr=3.0e-04 t=37.7m
    [bpf] 13700/37500 F=1.2989e+02 move=111.2% lr=3.0e-04 t=37.9m
    [bpf] 13750/37500 F=1.0435e+02 move=111.5% lr=3.0e-04 t=38.0m
    [bpf] 13750/37500 train lat_retr=0.001 align=0.728 (best 0.002, gate 0.95)
    [bpf] 13800/37500 F=8.4153e+01 move=111.5% lr=3.0e-04 t=38.1m
    [bpf] 13850/37500 F=7.6868e+01 move=111.5% lr=3.0e-04 t=38.3m
    [bpf] 13900/37500 F=7.2867e+01 move=111.5% lr=3.0e-04 t=38.4m
    [bpf] 13950/37500 F=8.0092e+01 move=111.5% lr=3.0e-04 t=38.6m
    [bpf] 14000/37500 F=6.9698e+01 move=111.5% lr=3.0e-04 t=38.7m
    [bpf] 14000/37500 train lat_retr=0.001 align=0.782 (best 0.002, gate 0.95)
    [bpf] 14050/37500 F=6.3383e+01 move=111.5% lr=3.0e-04 t=38.8m
    [bpf] 14100/37500 F=5.5477e+01 move=111.5% lr=3.0e-04 t=39.0m
    [bpf] 14150/37500 F=5.7794e+01 move=111.6% lr=3.0e-04 t=39.1m
    [bpf] 14200/37500 F=5.1623e+01 move=111.6% lr=3.0e-04 t=39.2m
    [bpf] 14250/37500 F=5.6820e+01 move=111.6% lr=3.0e-04 t=39.4m
    [bpf] 14250/37500 train lat_retr=0.001 align=0.814 (best 0.002, gate 0.95)
    [bpf] 14300/37500 F=5.0757e+01 move=111.6% lr=3.0e-04 t=39.5m
    [bpf] 14350/37500 F=3.8960e+01 move=111.6% lr=3.0e-04 t=39.7m
    [bpf] 14400/37500 F=5.1755e+01 move=111.6% lr=3.0e-04 t=39.8m
    [bpf] 14450/37500 F=5.1632e+01 move=111.6% lr=3.0e-04 t=39.9m
    [bpf] 14500/37500 F=4.8955e+01 move=111.6% lr=3.0e-04 t=40.0m
    [bpf] 14500/37500 train lat_retr=0.000 align=0.842 (best 0.002, gate 0.95)
    [bpf] 14550/37500 F=4.3601e+01 move=111.6% lr=3.0e-04 t=40.2m
    [bpf] 14600/37500 F=4.3044e+01 move=111.6% lr=3.0e-04 t=40.3m
    [bpf] 14650/37500 F=4.7958e+01 move=111.6% lr=3.0e-04 t=40.5m
    [bpf] 14700/37500 F=3.0932e+01 move=111.6% lr=3.0e-04 t=40.6m
    [bpf] 14750/37500 F=3.8879e+01 move=111.6% lr=3.0e-04 t=40.7m
    [bpf] 14750/37500 train lat_retr=0.001 align=0.856 (best 0.002, gate 0.95)
    [bpf] 14800/37500 F=4.1360e+01 move=111.6% lr=3.0e-04 t=40.9m
    [bpf] 14850/37500 F=3.5689e+01 move=111.6% lr=3.0e-04 t=41.0m
    [bpf] 14900/37500 F=7.1215e+01 move=112.2% lr=3.0e-04 t=41.1m
    [bpf] 14950/37500 F=1.0913e+02 move=112.4% lr=3.0e-04 t=41.3m
    [bpf] 15000/37500 F=2.3572e+02 move=112.8% lr=3.0e-04 t=41.4m
    [bpf] 15000/37500 train lat_retr=0.001 align=0.437 (best 0.002, gate 0.95)
    [bpf] 15050/37500 F=1.5722e+02 move=113.5% lr=3.0e-04 t=41.5m
    [bpf] 15100/37500 F=1.3440e+02 move=113.6% lr=3.0e-04 t=41.7m
    [bpf] 15150/37500 F=1.8629e+02 move=113.9% lr=3.0e-04 t=41.8m
    [bpf] 15200/37500 F=1.8306e+02 move=113.9% lr=3.0e-04 t=41.9m
    [bpf] 15250/37500 F=1.6202e+02 move=113.9% lr=3.0e-04 t=42.1m
    [bpf] 15250/37500 train lat_retr=0.001 align=0.665 (best 0.002, gate 0.95)
    [bpf] 15300/37500 F=1.4834e+02 move=114.0% lr=3.0e-04 t=42.2m
    [bpf] 15350/37500 F=1.0893e+02 move=114.0% lr=3.0e-04 t=42.3m
    [bpf] 15400/37500 F=8.9921e+01 move=114.0% lr=3.0e-04 t=42.5m
    [bpf] 15450/37500 F=9.1603e+01 move=114.0% lr=3.0e-04 t=42.6m
    [bpf] 15500/37500 F=1.3464e+02 move=114.0% lr=3.0e-04 t=42.7m
    [bpf] 15500/37500 train lat_retr=0.001 align=0.716 (best 0.002, gate 0.95)
    [bpf] 15550/37500 F=1.3179e+02 move=113.9% lr=3.0e-04 t=42.9m
    [bpf] 15600/37500 F=9.9386e+01 move=114.0% lr=3.0e-04 t=43.0m
    [bpf] 15650/37500 F=6.8862e+01 move=114.0% lr=3.0e-04 t=43.1m
    [bpf] 15700/37500 F=7.0614e+01 move=114.0% lr=3.0e-04 t=43.3m
    [bpf] 15750/37500 F=4.2450e+01 move=114.0% lr=3.0e-04 t=43.4m
    [bpf] 15750/37500 train lat_retr=0.000 align=0.842 (best 0.002, gate 0.95)
    [bpf] 15800/37500 F=5.1386e+01 move=114.0% lr=3.0e-04 t=43.5m
    [bpf] 15850/37500 F=4.0583e+01 move=114.0% lr=3.0e-04 t=43.7m
    [bpf] 15900/37500 F=3.4858e+01 move=114.0% lr=3.0e-04 t=43.8m
    [bpf] 15950/37500 F=4.2208e+01 move=114.0% lr=3.0e-04 t=43.9m
    [bpf] 16000/37500 F=3.2668e+01 move=114.0% lr=3.0e-04 t=44.1m
    [bpf] 16000/37500 train lat_retr=0.001 align=0.879 (best 0.002, gate 0.95)
    [bpf] 16050/37500 F=3.0770e+01 move=114.0% lr=3.0e-04 t=44.2m
    [bpf] 16100/37500 F=3.1534e+01 move=114.0% lr=3.0e-04 t=44.3m
    [bpf] 16150/37500 F=2.7886e+01 move=114.0% lr=3.0e-04 t=44.5m
    [bpf] 16200/37500 F=2.4321e+01 move=114.0% lr=3.0e-04 t=44.6m
    [bpf] 16250/37500 F=3.0919e+01 move=114.0% lr=3.0e-04 t=44.7m
    [bpf] 16250/37500 train lat_retr=0.001 align=0.901 (best 0.002, gate 0.95)
    [bpf] 16300/37500 F=2.8365e+01 move=114.0% lr=3.0e-04 t=44.9m
    [bpf] 16350/37500 F=2.2221e+01 move=114.0% lr=3.0e-04 t=45.0m
    [bpf] 16400/37500 F=2.6783e+01 move=114.0% lr=3.0e-04 t=45.2m
    [bpf] 16450/37500 F=1.7716e+01 move=114.0% lr=3.0e-04 t=45.3m
    [bpf] 16500/37500 F=2.0628e+01 move=114.0% lr=3.0e-04 t=45.4m
    [bpf] 16500/37500 train lat_retr=0.001 align=0.916 (best 0.002, gate 0.95)
    [bpf] 16550/37500 F=2.1994e+01 move=114.0% lr=3.0e-04 t=45.6m
    [bpf] 16600/37500 F=1.8007e+01 move=114.0% lr=3.0e-04 t=45.7m
    [bpf] 16650/37500 F=2.3252e+01 move=114.0% lr=3.0e-04 t=45.8m
    [bpf] 16700/37500 F=2.1088e+01 move=114.0% lr=3.0e-04 t=46.0m
    [bpf] 16750/37500 F=1.7035e+01 move=114.1% lr=3.0e-04 t=46.1m
    [bpf] 16750/37500 train lat_retr=0.001 align=0.923 (best 0.002, gate 0.95)
    [bpf] 16800/37500 F=1.7932e+01 move=114.1% lr=3.0e-04 t=46.3m
    [bpf] 16850/37500 F=2.7806e+01 move=114.1% lr=3.0e-04 t=46.4m
    [bpf] 16900/37500 F=2.4681e+01 move=114.1% lr=3.0e-04 t=46.5m
    [bpf] 16950/37500 F=1.9970e+01 move=114.1% lr=3.0e-04 t=46.6m
    [bpf] 17000/37500 F=1.8913e+01 move=114.1% lr=3.0e-04 t=46.8m
    [bpf] 17000/37500 train lat_retr=0.001 align=0.930 (best 0.002, gate 0.95)
    [bpf] 17050/37500 F=1.7674e+01 move=114.1% lr=3.0e-04 t=46.9m
    [bpf] 17100/37500 F=2.1270e+01 move=114.1% lr=3.0e-04 t=47.1m
    [bpf] 17150/37500 F=1.5078e+01 move=114.1% lr=3.0e-04 t=47.2m
    [bpf] 17200/37500 F=1.4930e+01 move=114.1% lr=3.0e-04 t=47.3m
    [bpf] 17250/37500 F=1.1433e+01 move=114.1% lr=3.0e-04 t=47.5m
    [bpf] 17250/37500 train lat_retr=0.001 align=0.935 (best 0.002, gate 0.95)
    [bpf] 17300/37500 F=2.1682e+01 move=114.1% lr=3.0e-04 t=47.6m
    [bpf] 17350/37500 F=1.8126e+01 move=114.1% lr=3.0e-04 t=47.8m
    [bpf] 17400/37500 F=1.5310e+01 move=114.1% lr=3.0e-04 t=47.9m
    [bpf] 17450/37500 F=1.2787e+01 move=114.1% lr=3.0e-04 t=48.0m
    [bpf] 17500/37500 F=1.2878e+01 move=114.1% lr=3.0e-04 t=48.2m
    [bpf] 17500/37500 train lat_retr=0.000 align=0.941 (best 0.002, gate 0.95)
    [bpf] 17550/37500 F=1.9626e+01 move=114.1% lr=3.0e-04 t=48.3m
    [bpf] 17600/37500 F=1.3171e+01 move=114.1% lr=3.0e-04 t=48.4m
    [bpf] 17650/37500 F=1.1360e+01 move=114.1% lr=3.0e-04 t=48.6m
    [bpf] 17700/37500 F=1.2211e+01 move=114.1% lr=3.0e-04 t=48.7m
    [bpf] 17750/37500 F=1.4377e+01 move=114.1% lr=3.0e-04 t=48.8m
    [bpf] 17750/37500 train lat_retr=0.001 align=0.945 (best 0.002, gate 0.95)
    [bpf] 17800/37500 F=1.1301e+01 move=114.1% lr=3.0e-04 t=49.0m
    [bpf] 17850/37500 F=1.1578e+01 move=114.1% lr=3.0e-04 t=49.1m
    [bpf] 17900/37500 F=1.8179e+01 move=114.1% lr=3.0e-04 t=49.3m
    [bpf] 17950/37500 F=9.2767e+00 move=114.1% lr=3.0e-04 t=49.4m
    [bpf] 18000/37500 F=1.2661e+01 move=114.1% lr=3.0e-04 t=49.5m
    [bpf] 18000/37500 train lat_retr=0.001 align=0.948 (best 0.002, gate 0.95)
    [bpf] 18050/37500 F=7.1077e+00 move=114.1% lr=3.0e-04 t=49.7m
    [bpf] 18100/37500 F=9.3621e+00 move=114.1% lr=3.0e-04 t=49.8m
    [bpf] 18150/37500 F=1.0806e+01 move=114.2% lr=3.0e-04 t=49.9m
    [bpf] 18200/37500 F=9.3429e+00 move=114.2% lr=3.0e-04 t=50.1m
    [bpf] 18250/37500 F=1.0171e+01 move=114.2% lr=3.0e-04 t=50.2m
    [bpf] 18250/37500 train lat_retr=0.001 align=0.951 (best 0.002, gate 0.95)
    [bpf] 18300/37500 F=6.8573e+00 move=114.2% lr=3.0e-04 t=50.4m
    [bpf] 18350/37500 F=6.6742e+00 move=114.2% lr=3.0e-04 t=50.5m
    [bpf] 18400/37500 F=8.1996e+00 move=114.2% lr=3.0e-04 t=50.6m
    [bpf] 18450/37500 F=1.0372e+01 move=114.2% lr=3.0e-04 t=50.8m
    [bpf] 18500/37500 F=1.1029e+01 move=114.2% lr=3.0e-04 t=50.9m
    [bpf] 18500/37500 train lat_retr=0.001 align=0.955 (best 0.002, gate 0.95)
    [bpf] 18550/37500 F=1.3191e+01 move=114.2% lr=3.0e-04 t=51.0m
    [bpf] 18600/37500 F=7.0239e+00 move=114.2% lr=3.0e-04 t=51.2m
    [bpf] 18650/37500 F=6.6267e+00 move=114.2% lr=3.0e-04 t=51.3m
    [bpf] 18700/37500 F=7.0125e+00 move=114.2% lr=3.0e-04 t=51.4m
    [bpf] 18750/37500 F=7.7416e+00 move=114.2% lr=3.0e-04 t=51.6m
    [bpf] 18750/37500 train lat_retr=0.001 align=0.958 (best 0.002, gate 0.95)
    [bpf] 18800/37500 F=8.1049e+00 move=114.2% lr=3.0e-04 t=51.7m
    [bpf] 18850/37500 F=7.7314e+00 move=114.3% lr=3.0e-04 t=51.9m
    [bpf] 18900/37500 F=8.4847e+00 move=114.3% lr=3.0e-04 t=52.0m
    [bpf] 18950/37500 F=6.1092e+00 move=114.3% lr=3.0e-04 t=52.1m
    [bpf] 19000/37500 F=9.0805e+00 move=114.3% lr=3.0e-04 t=52.3m
    [bpf] 19000/37500 train lat_retr=0.001 align=0.961 (best 0.002, gate 0.95)
    [bpf] 19050/37500 F=5.5822e+00 move=114.3% lr=3.0e-04 t=52.4m
    [bpf] 19100/37500 F=6.7116e+00 move=114.3% lr=3.0e-04 t=52.6m
    [bpf] 19150/37500 F=8.4084e+00 move=114.3% lr=3.0e-04 t=52.7m
    [bpf] 19200/37500 F=8.2103e+00 move=114.3% lr=3.0e-04 t=52.8m
    [bpf] 19250/37500 F=6.3175e+00 move=114.4% lr=3.0e-04 t=53.0m
    [bpf] 19250/37500 train lat_retr=0.001 align=0.964 (best 0.002, gate 0.95)
    [bpf] 19300/37500 F=4.9954e+00 move=114.4% lr=3.0e-04 t=53.1m
    [bpf] 19350/37500 F=3.4318e+00 move=114.4% lr=3.0e-04 t=53.2m
    [bpf] 19400/37500 F=4.6796e+00 move=114.4% lr=3.0e-04 t=53.4m
    [bpf] 19450/37500 F=4.9765e+00 move=114.4% lr=3.0e-04 t=53.5m
    [bpf] 19500/37500 F=7.0293e+00 move=114.4% lr=3.0e-04 t=53.7m
    [bpf] 19500/37500 train lat_retr=0.001 align=0.967 (best 0.002, gate 0.95)
    [bpf] 19550/37500 F=5.5448e+00 move=114.5% lr=3.0e-04 t=53.8m
    [bpf] 19600/37500 F=7.0121e+00 move=114.5% lr=3.0e-04 t=53.9m
    [bpf] 19650/37500 F=6.2932e+00 move=114.5% lr=3.0e-04 t=54.1m
    [bpf] 19700/37500 F=6.3392e+00 move=114.5% lr=3.0e-04 t=54.2m
    [bpf] 19750/37500 F=5.2062e+00 move=114.5% lr=3.0e-04 t=54.4m
    [bpf] 19750/37500 train lat_retr=0.000 align=0.969 (best 0.002, gate 0.95)
    [bpf] 19800/37500 F=3.5751e+00 move=114.6% lr=3.0e-04 t=54.5m
    [bpf] 19850/37500 F=5.0416e+00 move=114.6% lr=3.0e-04 t=54.6m
    [bpf] 19900/37500 F=3.9725e+00 move=114.6% lr=3.0e-04 t=54.8m
    [bpf] 19950/37500 F=3.4345e+00 move=114.6% lr=3.0e-04 t=54.9m
    [bpf] 20000/37500 F=4.8226e+00 move=114.6% lr=3.0e-04 t=55.0m
    [bpf] 20000/37500 train lat_retr=0.000 align=0.972 (best 0.002, gate 0.95)
    [bpf] 20050/37500 F=4.1388e+00 move=114.7% lr=3.0e-04 t=55.2m
    [bpf] 20100/37500 F=4.3619e+00 move=114.7% lr=3.0e-04 t=55.3m
    [bpf] 20150/37500 F=3.7732e+00 move=114.7% lr=3.0e-04 t=55.4m
    [bpf] 20200/37500 F=3.6620e+00 move=114.7% lr=3.0e-04 t=55.6m
    [bpf] 20250/37500 F=2.7722e+00 move=114.7% lr=3.0e-04 t=55.7m
    [bpf] 20250/37500 train lat_retr=0.000 align=0.975 (best 0.002, gate 0.95)
    [bpf] 20300/37500 F=3.4458e+00 move=114.7% lr=3.0e-04 t=55.8m
    [bpf] 20350/37500 F=4.8202e+00 move=114.7% lr=3.0e-04 t=56.0m
    [bpf] 20400/37500 F=3.9434e+00 move=114.7% lr=3.0e-04 t=56.1m
    [bpf] 20450/37500 F=2.9298e+00 move=114.7% lr=3.0e-04 t=56.2m
    [bpf] 20500/37500 F=3.1335e+00 move=114.7% lr=3.0e-04 t=56.4m
    [bpf] 20500/37500 train lat_retr=0.000 align=0.977 (best 0.002, gate 0.95)
    [bpf] 20550/37500 F=2.8073e+00 move=114.7% lr=3.0e-04 t=56.5m
    [bpf] 20600/37500 F=1.8611e+00 move=114.7% lr=3.0e-04 t=56.7m
    [bpf] 20650/37500 F=2.5364e+00 move=114.7% lr=3.0e-04 t=56.8m
    [bpf] 20700/37500 F=1.6468e+00 move=114.7% lr=3.0e-04 t=56.9m
    [bpf] 20750/37500 F=1.8019e+00 move=114.7% lr=3.0e-04 t=57.1m
    [bpf] 20750/37500 train lat_retr=0.000 align=0.979 (best 0.002, gate 0.95)
    [bpf] 20800/37500 F=2.8498e+00 move=114.7% lr=3.0e-04 t=57.2m
    [bpf] 20850/37500 F=2.5115e+00 move=114.7% lr=3.0e-04 t=57.3m
    [bpf] 20900/37500 F=2.6021e+00 move=114.7% lr=3.0e-04 t=57.5m
    [bpf] 20950/37500 F=2.3914e+00 move=114.7% lr=3.0e-04 t=57.6m
    [bpf] 21000/37500 F=2.3027e+00 move=114.7% lr=3.0e-04 t=57.7m
    [bpf] 21000/37500 train lat_retr=0.001 align=0.981 (best 0.002, gate 0.95)
    [bpf] 21050/37500 F=2.4756e+00 move=114.7% lr=3.0e-04 t=57.9m
    [bpf] 21100/37500 F=2.5933e+00 move=114.7% lr=3.0e-04 t=58.0m
    [bpf] 21150/37500 F=1.6660e+00 move=114.7% lr=3.0e-04 t=58.2m
    [bpf] 21200/37500 F=2.0216e+00 move=114.7% lr=3.0e-04 t=58.3m
    [bpf] 21250/37500 F=2.3237e+00 move=114.7% lr=3.0e-04 t=58.4m
    [bpf] 21250/37500 train lat_retr=0.001 align=0.983 (best 0.002, gate 0.95)
    [bpf] 21300/37500 F=2.8376e+00 move=114.7% lr=3.0e-04 t=58.6m
    [bpf] 21350/37500 F=1.4381e+00 move=114.7% lr=3.0e-04 t=58.7m
    [bpf] 21400/37500 F=1.9519e+00 move=114.7% lr=3.0e-04 t=58.9m
    [bpf] 21450/37500 F=1.6573e+00 move=114.7% lr=3.0e-04 t=59.0m
    [bpf] 21500/37500 F=1.7300e+00 move=114.7% lr=3.0e-04 t=59.1m
    [bpf] 21500/37500 train lat_retr=0.001 align=0.985 (best 0.002, gate 0.95)
    [bpf] 21550/37500 F=1.9440e+00 move=114.7% lr=3.0e-04 t=59.3m
    [bpf] 21600/37500 F=1.7575e+00 move=114.7% lr=3.0e-04 t=59.4m
    [bpf] 21650/37500 F=1.7744e+00 move=114.7% lr=3.0e-04 t=59.5m
    [bpf] 21700/37500 F=1.5836e+00 move=114.7% lr=3.0e-04 t=59.7m
    [bpf] 21750/37500 F=1.7063e+00 move=114.7% lr=3.0e-04 t=59.8m
    [bpf] 21750/37500 train lat_retr=0.001 align=0.984 (best 0.002, gate 0.95)
    [bpf] 21800/37500 F=1.5453e+00 move=114.7% lr=3.0e-04 t=60.0m
    [bpf] 21850/37500 F=1.5016e+00 move=114.7% lr=3.0e-04 t=60.1m
    [bpf] 21900/37500 F=1.5528e+00 move=114.7% lr=3.0e-04 t=60.2m
    [bpf] 21950/37500 F=1.2890e+00 move=114.7% lr=3.0e-04 t=60.4m
    [bpf] 22000/37500 F=1.1583e+00 move=114.7% lr=3.0e-04 t=60.5m
    [bpf] 22000/37500 train lat_retr=0.001 align=0.989 (best 0.002, gate 0.95)
    [bpf] 22050/37500 F=1.6213e+00 move=114.7% lr=3.0e-04 t=60.6m
    [bpf] 22100/37500 F=1.0823e+00 move=114.7% lr=3.0e-04 t=60.8m
    [bpf] 22150/37500 F=1.2044e+00 move=114.7% lr=3.0e-04 t=60.9m
    [bpf] 22200/37500 F=1.3430e+00 move=114.7% lr=3.0e-04 t=61.1m
    [bpf] 22250/37500 F=1.3892e+00 move=114.7% lr=3.0e-04 t=61.2m
    [bpf] 22250/37500 train lat_retr=0.001 align=0.989 (best 0.002, gate 0.95)
    [bpf] 22300/37500 F=1.1957e+00 move=114.7% lr=3.0e-04 t=61.3m
    [bpf] 22350/37500 F=1.1454e+00 move=114.7% lr=3.0e-04 t=61.5m
    [bpf] 22400/37500 F=1.0715e+00 move=114.7% lr=3.0e-04 t=61.6m
    [bpf] 22450/37500 F=1.0937e+00 move=114.8% lr=3.0e-04 t=61.7m
    [bpf] 22500/37500 F=1.0196e+00 move=114.8% lr=3.0e-04 t=61.9m
    [bpf] 22500/37500 train lat_retr=0.001 align=0.990 (best 0.002, gate 0.95)
    [bpf] 22550/37500 F=1.0000e+00 move=114.8% lr=3.0e-04 t=62.0m
    [bpf] 22600/37500 F=8.8975e-01 move=114.8% lr=3.0e-04 t=62.2m
    [bpf] 22650/37500 F=8.8853e-01 move=114.8% lr=3.0e-04 t=62.3m
    [bpf] 22700/37500 F=1.2457e+00 move=114.7% lr=3.0e-04 t=62.4m
    [bpf] 22750/37500 F=1.0879e+00 move=114.7% lr=3.0e-04 t=62.6m
    [bpf] 22750/37500 train lat_retr=0.000 align=0.991 (best 0.002, gate 0.95)
    [bpf] 22800/37500 F=7.9941e-01 move=114.8% lr=3.0e-04 t=62.7m
    [bpf] 22850/37500 F=1.0051e+00 move=114.8% lr=3.0e-04 t=62.8m
    [bpf] 22900/37500 F=9.3799e-01 move=114.7% lr=3.0e-04 t=63.0m
    [bpf] 22950/37500 F=7.7594e-01 move=114.7% lr=3.0e-04 t=63.1m
    [bpf] 23000/37500 F=1.1799e+00 move=114.7% lr=3.0e-04 t=63.2m
    [bpf] 23000/37500 train lat_retr=0.001 align=0.992 (best 0.002, gate 0.95)
    [bpf] 23050/37500 F=9.8848e-01 move=114.7% lr=3.0e-04 t=63.4m
    [bpf] 23100/37500 F=7.8599e-01 move=114.6% lr=3.0e-04 t=63.5m
    [bpf] 23150/37500 F=8.5122e-01 move=114.6% lr=3.0e-04 t=63.6m
    [bpf] 23200/37500 F=9.8910e-01 move=114.6% lr=3.0e-04 t=63.8m
    [bpf] 23250/37500 F=9.3647e-01 move=114.6% lr=3.0e-04 t=63.9m
    [bpf] 23250/37500 train lat_retr=0.000 align=0.992 (best 0.002, gate 0.95)
    [bpf] 23300/37500 F=8.4544e-01 move=114.5% lr=3.0e-04 t=64.0m
    [bpf] 23350/37500 F=8.9414e-01 move=114.5% lr=3.0e-04 t=64.2m
    [bpf] 23400/37500 F=1.0054e+00 move=114.5% lr=3.0e-04 t=64.3m
    [bpf] 23450/37500 F=8.1721e-01 move=114.5% lr=3.0e-04 t=64.4m
    [bpf] 23500/37500 F=8.2035e-01 move=114.5% lr=3.0e-04 t=64.6m
    [bpf] 23500/37500 train lat_retr=0.000 align=0.994 (best 0.002, gate 0.95)
    [bpf] 23550/37500 F=7.1354e-01 move=114.5% lr=3.0e-04 t=64.7m
    [bpf] 23600/37500 F=1.2743e+00 move=114.6% lr=3.0e-04 t=64.9m
    [bpf] 23650/37500 F=8.6152e-01 move=114.6% lr=3.0e-04 t=65.0m
    [bpf] 23700/37500 F=8.6240e-01 move=114.6% lr=3.0e-04 t=65.1m
    [bpf] 23750/37500 F=7.4612e-01 move=114.6% lr=3.0e-04 t=65.3m
    [bpf] 23750/37500 train lat_retr=0.000 align=0.995 (best 0.002, gate 0.95)
    [bpf] 23800/37500 F=6.0110e-01 move=114.6% lr=3.0e-04 t=65.4m
    [bpf] 23850/37500 F=4.2876e-01 move=114.6% lr=3.0e-04 t=65.6m
    [bpf] 23900/37500 F=6.6075e-01 move=114.6% lr=3.0e-04 t=65.7m
    [bpf] 23950/37500 F=5.5801e-01 move=114.6% lr=3.0e-04 t=65.8m
    [bpf] 24000/37500 F=5.7765e-01 move=114.6% lr=3.0e-04 t=66.0m
    [bpf] 24000/37500 train lat_retr=0.000 align=0.996 (best 0.002, gate 0.95)
    [bpf] 24050/37500 F=5.2157e-01 move=114.6% lr=3.0e-04 t=66.1m
    [bpf] 24100/37500 F=5.8653e-01 move=114.6% lr=3.0e-04 t=66.2m
    [bpf] 24150/37500 F=5.1467e-01 move=114.5% lr=3.0e-04 t=66.4m
    [bpf] 24200/37500 F=4.0059e-01 move=114.5% lr=3.0e-04 t=66.5m
    [bpf] 24250/37500 F=6.0727e-01 move=114.5% lr=3.0e-04 t=66.6m
    [bpf] 24250/37500 train lat_retr=0.001 align=0.996 (best 0.002, gate 0.95)
    [bpf] 24300/37500 F=5.8213e-01 move=114.5% lr=3.0e-04 t=66.8m
    [bpf] 24350/37500 F=5.1580e-01 move=114.5% lr=3.0e-04 t=66.9m
    [bpf] 24400/37500 F=4.7350e-01 move=114.4% lr=3.0e-04 t=67.0m
    [bpf] 24450/37500 F=4.4474e-01 move=114.4% lr=3.0e-04 t=67.2m
    [bpf] 24500/37500 F=3.6372e-01 move=114.4% lr=3.0e-04 t=67.3m
    [bpf] 24500/37500 train lat_retr=0.000 align=0.996 (best 0.002, gate 0.95)
    [bpf] 24550/37500 F=4.2580e-01 move=114.4% lr=3.0e-04 t=67.4m
    [bpf] 24600/37500 F=4.7576e-01 move=114.3% lr=3.0e-04 t=67.6m
    [bpf] 24650/37500 F=5.0426e-01 move=114.3% lr=3.0e-04 t=67.7m
    [bpf] 24700/37500 F=3.5706e-01 move=114.3% lr=3.0e-04 t=67.9m
    [bpf] 24750/37500 F=4.3569e-01 move=114.3% lr=3.0e-04 t=68.0m
    [bpf] 24750/37500 train lat_retr=0.001 align=0.996 (best 0.002, gate 0.95)
    [bpf] 24800/37500 F=3.4205e-01 move=114.3% lr=3.0e-04 t=68.1m
    [bpf] 24850/37500 F=4.1555e-01 move=114.2% lr=3.0e-04 t=68.3m
    [bpf] 24900/37500 F=3.9510e-01 move=114.2% lr=3.0e-04 t=68.4m
    [bpf] 24950/37500 F=2.4093e-01 move=114.2% lr=3.0e-04 t=68.5m
    [bpf] 25000/37500 F=3.5509e-01 move=114.2% lr=3.0e-04 t=68.7m
    [bpf] 25000/37500 train lat_retr=0.001 align=0.996 (best 0.002, gate 0.95)
    [bpf] 25050/37500 F=4.4485e-01 move=114.1% lr=3.0e-04 t=68.8m
    [bpf] 25100/37500 F=2.8339e-01 move=114.1% lr=3.0e-04 t=69.0m
    [bpf] 25150/37500 F=4.6584e-01 move=114.1% lr=3.0e-04 t=69.1m
    [bpf] 25200/37500 F=2.4434e-01 move=114.1% lr=3.0e-04 t=69.2m
    [bpf] 25250/37500 F=4.3439e-01 move=114.0% lr=3.0e-04 t=69.4m
    [bpf] 25250/37500 train lat_retr=0.001 align=0.996 (best 0.002, gate 0.95)
    [bpf] 25300/37500 F=4.0447e-01 move=114.0% lr=3.0e-04 t=69.5m
    [bpf] 25350/37500 F=3.0862e-01 move=114.0% lr=3.0e-04 t=69.6m
    [bpf] 25400/37500 F=3.3299e-01 move=114.0% lr=3.0e-04 t=69.8m
    [bpf] 25450/37500 F=2.8526e-01 move=114.0% lr=3.0e-04 t=69.9m
    [bpf] 25500/37500 F=3.4721e-01 move=114.0% lr=3.0e-04 t=70.1m
    [bpf] 25500/37500 train lat_retr=0.001 align=0.996 (best 0.002, gate 0.95)
    [bpf] 25550/37500 F=3.9120e-01 move=114.0% lr=3.0e-04 t=70.2m
    [bpf] 25600/37500 F=4.4715e-01 move=114.0% lr=3.0e-04 t=70.3m
    [bpf] 25650/37500 F=2.3722e-01 move=113.9% lr=3.0e-04 t=70.5m
    [bpf] 25700/37500 F=2.5649e-01 move=114.0% lr=3.0e-04 t=70.6m
    [bpf] 25750/37500 F=2.5379e-01 move=113.9% lr=3.0e-04 t=70.8m
    [bpf] 25750/37500 train lat_retr=0.001 align=0.995 (best 0.002, gate 0.95)
    [bpf] 25800/37500 F=3.1508e-01 move=113.9% lr=3.0e-04 t=70.9m
    [bpf] 25850/37500 F=3.0640e-01 move=113.9% lr=3.0e-04 t=71.0m
    [bpf] 25900/37500 F=2.4955e-01 move=113.9% lr=3.0e-04 t=71.2m
    [bpf] 25950/37500 F=2.8140e-01 move=113.9% lr=3.0e-04 t=71.3m
    [bpf] 26000/37500 F=2.0515e-01 move=113.9% lr=3.0e-04 t=71.5m
    [bpf] 26000/37500 train lat_retr=0.001 align=0.996 (best 0.002, gate 0.95)
    [bpf] 26050/37500 F=3.5299e-01 move=113.9% lr=3.0e-04 t=71.6m
    [bpf] 26100/37500 F=2.6076e-01 move=113.9% lr=3.0e-04 t=71.7m
    [bpf] 26150/37500 F=2.4391e-01 move=113.9% lr=3.0e-04 t=71.9m
    [bpf] 26200/37500 F=2.5473e-01 move=113.8% lr=3.0e-04 t=72.0m
    [bpf] 26250/37500 F=2.1665e-01 move=113.8% lr=3.0e-04 t=72.2m
    [bpf] 26250/37500 train lat_retr=0.002 align=0.993 (best 0.002, gate 0.95)
    [bpf] 26300/37500 F=3.0242e-01 move=113.8% lr=3.0e-04 t=72.3m
    [bpf] 26350/37500 F=2.0665e-01 move=113.8% lr=3.0e-04 t=72.4m
    [bpf] 26400/37500 F=2.6737e-01 move=113.8% lr=3.0e-04 t=72.6m
    [bpf] 26450/37500 F=2.7156e-01 move=113.8% lr=3.0e-04 t=72.7m
    [bpf] 26500/37500 F=2.7171e-01 move=113.8% lr=3.0e-04 t=72.9m
    [bpf] 26500/37500 train lat_retr=0.000 align=0.994 (best 0.002, gate 0.95)
    [bpf] 26550/37500 F=1.7496e-01 move=113.8% lr=3.0e-04 t=73.0m
    [bpf] 26600/37500 F=2.2351e-01 move=113.7% lr=3.0e-04 t=73.1m
    [bpf] 26650/37500 F=1.9155e-01 move=113.7% lr=3.0e-04 t=73.3m
    [bpf] 26700/37500 F=2.1775e-01 move=113.7% lr=3.0e-04 t=73.4m
    [bpf] 26750/37500 F=3.2020e-01 move=113.7% lr=3.0e-04 t=73.5m
    [bpf] 26750/37500 train lat_retr=0.002 align=0.980 (best 0.002, gate 0.95)
    [bpf] 26800/37500 F=2.5601e-01 move=113.7% lr=3.0e-04 t=73.7m
    [bpf] 26850/37500 F=3.5915e-01 move=113.7% lr=3.0e-04 t=73.8m
    [bpf] 26900/37500 F=1.8215e-01 move=113.7% lr=3.0e-04 t=74.0m
    [bpf] 26950/37500 F=1.8112e-01 move=113.7% lr=3.0e-04 t=74.1m
    [bpf] 27000/37500 F=1.7133e-01 move=113.7% lr=3.0e-04 t=74.2m
    [bpf] 27000/37500 train lat_retr=0.001 align=0.993 (best 0.002, gate 0.95)
    [bpf] 27050/37500 F=1.4490e-01 move=113.7% lr=3.0e-04 t=74.4m
    [bpf] 27100/37500 F=2.0735e-01 move=113.6% lr=3.0e-04 t=74.5m
    [bpf] 27150/37500 F=1.8670e-01 move=113.7% lr=3.0e-04 t=74.7m
    [bpf] 27200/37500 F=1.8089e-01 move=113.7% lr=3.0e-04 t=74.8m
    [bpf] 27250/37500 F=1.8026e-01 move=113.7% lr=3.0e-04 t=74.9m
    [bpf] 27250/37500 train lat_retr=0.003 align=0.988 (best 0.003, gate 0.95)
    [bpf] 27300/37500 F=2.1705e-01 move=113.7% lr=3.0e-04 t=75.1m
    [bpf] 27350/37500 F=2.1994e-01 move=113.6% lr=3.0e-04 t=75.2m
    [bpf] 27400/37500 F=1.6013e-01 move=113.6% lr=3.0e-04 t=75.3m
    [bpf] 27450/37500 F=1.7032e-01 move=113.7% lr=3.0e-04 t=75.5m
    [bpf] 27500/37500 F=2.2667e-01 move=113.7% lr=3.0e-04 t=75.6m
    [bpf] 27500/37500 train lat_retr=0.001 align=0.983 (best 0.003, gate 0.95)
    [bpf] 27550/37500 F=2.0237e-01 move=113.7% lr=3.0e-04 t=75.8m
    [bpf] 27600/37500 F=1.4644e-01 move=113.7% lr=3.0e-04 t=75.9m
    [bpf] 27650/37500 F=1.3225e-01 move=113.7% lr=3.0e-04 t=76.0m
    [bpf] 27700/37500 F=1.5219e-01 move=113.7% lr=3.0e-04 t=76.2m
    [bpf] 27750/37500 F=1.4516e-01 move=113.7% lr=3.0e-04 t=76.3m
    [bpf] 27750/37500 train lat_retr=0.000 align=0.992 (best 0.003, gate 0.95)
    [bpf] 27800/37500 F=1.4298e-01 move=113.6% lr=3.0e-04 t=76.5m
    [bpf] 27850/37500 F=1.2884e-01 move=113.6% lr=3.0e-04 t=76.6m
    [bpf] 27900/37500 F=1.5002e-01 move=113.6% lr=3.0e-04 t=76.7m
    [bpf] 27950/37500 F=1.5064e-01 move=113.6% lr=3.0e-04 t=76.9m
    [bpf] 28000/37500 F=1.4957e-01 move=113.6% lr=3.0e-04 t=77.0m
    [bpf] 28000/37500 train lat_retr=0.000 align=0.990 (best 0.003, gate 0.95)
    [bpf] 28050/37500 F=1.1933e-01 move=113.6% lr=3.0e-04 t=77.2m
    [bpf] 28100/37500 F=1.2039e-01 move=113.6% lr=3.0e-04 t=77.3m
    [bpf] 28150/37500 F=1.3503e-01 move=113.6% lr=3.0e-04 t=77.4m
    [bpf] 28200/37500 F=1.3616e-01 move=113.6% lr=3.0e-04 t=77.6m
    [bpf] 28250/37500 F=1.4018e-01 move=113.6% lr=3.0e-04 t=77.7m
    [bpf] 28250/37500 train lat_retr=0.001 align=0.993 (best 0.003, gate 0.95)
    [bpf] 28300/37500 F=1.9252e-01 move=113.6% lr=3.0e-04 t=77.8m
    [bpf] 28350/37500 F=1.6133e-01 move=113.6% lr=3.0e-04 t=78.0m
    [bpf] 28400/37500 F=1.2946e-01 move=113.6% lr=3.0e-04 t=78.1m
    [bpf] 28450/37500 F=1.3298e-01 move=113.6% lr=3.0e-04 t=78.2m
    [bpf] 28500/37500 F=5.7965e-01 move=113.6% lr=3.0e-04 t=78.4m
    [bpf] 28500/37500 train lat_retr=0.001 align=0.951 (best 0.003, gate 0.95)
    [bpf] 28550/37500 F=1.9407e-01 move=113.6% lr=3.0e-04 t=78.5m
    [bpf] 28600/37500 F=2.0203e-01 move=113.6% lr=3.0e-04 t=78.7m
    [bpf] 28650/37500 F=1.9822e-01 move=113.6% lr=3.0e-04 t=78.8m
    [bpf] 28700/37500 F=1.4805e-01 move=113.6% lr=3.0e-04 t=78.9m
    [bpf] 28750/37500 F=1.5208e-01 move=113.6% lr=3.0e-04 t=79.1m
    [bpf] 28750/37500 train lat_retr=0.001 align=0.993 (best 0.003, gate 0.95)
    [bpf] 28800/37500 F=1.4573e-01 move=113.6% lr=3.0e-04 t=79.2m
    [bpf] 28850/37500 F=1.4122e-01 move=113.6% lr=3.0e-04 t=79.4m
    [bpf] 28900/37500 F=1.9251e-01 move=113.6% lr=3.0e-04 t=79.5m
    [bpf] 28950/37500 F=1.1506e-01 move=113.7% lr=3.0e-04 t=79.6m
    [bpf] 29000/37500 F=8.5480e-02 move=113.8% lr=3.0e-04 t=79.8m
    [bpf] 29000/37500 train lat_retr=0.001 align=0.978 (best 0.003, gate 0.95)
    [bpf] 29050/37500 F=1.2137e-01 move=113.8% lr=3.0e-04 t=79.9m
    [bpf] 29100/37500 F=3.2196e-01 move=113.8% lr=3.0e-04 t=80.1m
    [bpf] 29150/37500 F=3.7346e-01 move=113.9% lr=3.0e-04 t=80.2m
    [bpf] 29200/37500 F=1.4907e-01 move=113.9% lr=3.0e-04 t=80.3m
    [bpf] 29250/37500 F=4.7433e-01 move=114.0% lr=3.0e-04 t=80.5m
    [bpf] 29250/37500 train lat_retr=0.001 align=0.000 (best 0.003, gate 0.95)
    [bpf] 29300/37500 F=1.0798e+00 move=114.0% lr=3.0e-04 t=80.6m
    [bpf] 29350/37500 F=5.5293e-01 move=114.0% lr=3.0e-04 t=80.8m
    [bpf] 29400/37500 F=1.9126e-01 move=114.0% lr=3.0e-04 t=80.9m
    [bpf] 29450/37500 F=2.1234e-01 move=114.1% lr=3.0e-04 t=81.0m
    [bpf] 29500/37500 F=2.8236e-01 move=114.3% lr=3.0e-04 t=81.2m
    [bpf] 29500/37500 train lat_retr=0.001 align=0.000 (best 0.003, gate 0.95)
    [bpf] 29550/37500 F=1.4047e-01 move=114.4% lr=3.0e-04 t=81.3m
    [bpf] 29600/37500 F=1.0916e-01 move=114.4% lr=3.0e-04 t=81.5m
    [bpf] 29650/37500 F=1.3737e-01 move=114.4% lr=3.0e-04 t=81.6m
    [bpf] 29700/37500 F=1.4075e-01 move=114.5% lr=3.0e-04 t=81.7m
    [bpf] 29750/37500 F=2.0244e-01 move=114.5% lr=3.0e-04 t=81.9m
    [bpf] 29750/37500 train lat_retr=0.003 align=0.000 (best 0.003, gate 0.95)
    [bpf] 29800/37500 F=4.0794e-01 move=114.5% lr=3.0e-04 t=82.0m
    [bpf] 29850/37500 F=3.0953e-01 move=114.5% lr=3.0e-04 t=82.2m
    [bpf] 29900/37500 F=1.7875e-01 move=114.5% lr=3.0e-04 t=82.3m
    [bpf] 29950/37500 F=1.2120e-01 move=114.5% lr=3.0e-04 t=82.4m
    [bpf] 30000/37500 F=2.4931e-01 move=114.5% lr=3.0e-04 t=82.6m
    [bpf] 30000/37500 train lat_retr=0.001 align=0.000 (best 0.003, gate 0.95)
    [bpf] 30050/37500 F=1.3633e-01 move=114.5% lr=3.0e-04 t=82.7m
    [bpf] 30100/37500 F=1.6208e-01 move=114.5% lr=3.0e-04 t=82.8m
    [bpf] 30150/37500 F=1.1649e-01 move=114.5% lr=3.0e-04 t=83.0m
    [bpf] 30200/37500 F=1.0437e-01 move=114.5% lr=3.0e-04 t=83.1m
    [bpf] 30250/37500 F=2.2087e-01 move=114.6% lr=3.0e-04 t=83.2m
    [bpf] 30250/37500 train lat_retr=0.001 align=0.000 (best 0.003, gate 0.95)
    [bpf] 30300/37500 F=4.0736e-01 move=114.7% lr=3.0e-04 t=83.4m
    [bpf] 30350/37500 F=3.3846e-01 move=114.8% lr=3.0e-04 t=83.5m
    [bpf] 30400/37500 F=3.7578e-01 move=115.0% lr=3.0e-04 t=83.7m
    [bpf] 30450/37500 F=1.6619e-01 move=115.1% lr=3.0e-04 t=83.8m
    [bpf] 30500/37500 F=7.3667e-01 move=115.2% lr=3.0e-04 t=83.9m
    [bpf] 30500/37500 train lat_retr=0.002 align=0.000 (best 0.003, gate 0.95)
    [bpf] 30550/37500 F=2.7546e-01 move=115.3% lr=3.0e-04 t=84.1m
    [bpf] 30600/37500 F=2.5680e-01 move=115.5% lr=3.0e-04 t=84.2m
    [bpf] 30650/37500 F=1.2494e-01 move=115.6% lr=3.0e-04 t=84.4m
    [bpf] 30700/37500 F=2.2214e-01 move=115.7% lr=3.0e-04 t=84.5m
    [bpf] 30750/37500 F=8.4990e-01 move=116.3% lr=3.0e-04 t=84.6m
    [bpf] 30750/37500 train lat_retr=0.001 align=-0.003 (best 0.003, gate 0.95)
    [bpf] 30800/37500 F=2.6231e-01 move=116.4% lr=3.0e-04 t=84.8m
    [bpf] 30850/37500 F=2.1927e-01 move=116.4% lr=3.0e-04 t=84.9m
    [bpf] 30900/37500 F=3.0414e-01 move=116.4% lr=3.0e-04 t=85.0m
    [bpf] 30950/37500 F=8.5453e-01 move=116.4% lr=3.0e-04 t=85.2m
    [bpf] 31000/37500 F=1.3546e+00 move=116.5% lr=3.0e-04 t=85.3m
    [bpf] 31000/37500 train lat_retr=0.000 align=0.000 (best 0.003, gate 0.95)
    [bpf] 31050/37500 F=6.2555e-01 move=116.8% lr=3.0e-04 t=85.5m
    [bpf] 31100/37500 F=3.5159e-01 move=117.2% lr=3.0e-04 t=85.6m
    [bpf] 31150/37500 F=2.7308e-01 move=117.4% lr=3.0e-04 t=85.7m
    [bpf] 31200/37500 F=3.1906e-01 move=117.5% lr=3.0e-04 t=85.9m
    [bpf] 31250/37500 F=7.7397e-01 move=117.8% lr=3.0e-04 t=86.0m
    [bpf] 31250/37500 train lat_retr=0.001 align=-0.000 (best 0.003, gate 0.95)
    [bpf] 31300/37500 F=2.1802e-01 move=118.2% lr=3.0e-04 t=86.1m
    [bpf] 31350/37500 F=1.8006e+00 move=118.5% lr=3.0e-04 t=86.3m
    [bpf] 31400/37500 F=4.2357e-01 move=118.7% lr=3.0e-04 t=86.4m
    [bpf] 31450/37500 F=2.7198e-01 move=118.8% lr=3.0e-04 t=86.6m
    [bpf] 31500/37500 F=5.3705e-01 move=118.9% lr=3.0e-04 t=86.7m
    [bpf] 31500/37500 train lat_retr=0.000 align=-0.000 (best 0.003, gate 0.95)
    [bpf] 31550/37500 F=2.4249e-01 move=119.0% lr=3.0e-04 t=86.8m
    [bpf] 31600/37500 F=4.5784e-01 move=119.0% lr=3.0e-04 t=87.0m
    [bpf] 31650/37500 F=1.0525e+00 move=119.1% lr=3.0e-04 t=87.1m
    [bpf] 31700/37500 F=2.7841e-01 move=119.1% lr=3.0e-04 t=87.2m
    [bpf] 31750/37500 F=2.9418e-01 move=119.1% lr=3.0e-04 t=87.4m
    [bpf] 31750/37500 train lat_retr=0.000 align=-0.000 (best 0.003, gate 0.95)
    [bpf] 31800/37500 F=3.2002e-01 move=119.1% lr=3.0e-04 t=87.5m
    [bpf] 31850/37500 F=3.2212e-01 move=119.2% lr=3.0e-04 t=87.7m
    [bpf] 31900/37500 F=2.6367e-01 move=119.2% lr=3.0e-04 t=87.8m
    [bpf] 31950/37500 F=3.6100e-01 move=119.2% lr=3.0e-04 t=87.9m
    [bpf] 32000/37500 F=2.4717e-01 move=119.3% lr=3.0e-04 t=88.0m
    [bpf] 32000/37500 train lat_retr=0.001 align=-0.000 (best 0.003, gate 0.95)
    [bpf] 32050/37500 F=2.1680e+01 move=121.5% lr=3.0e-04 t=88.2m
    [bpf] 32100/37500 F=7.2113e+00 move=122.9% lr=3.0e-04 t=88.3m
    [bpf] 32150/37500 F=3.9337e+00 move=123.2% lr=3.0e-04 t=88.5m
    [bpf] 32200/37500 F=2.2916e+00 move=123.4% lr=3.0e-04 t=88.6m
    [bpf] 32250/37500 F=1.9727e+00 move=123.7% lr=3.0e-04 t=88.7m
    [bpf] 32250/37500 train lat_retr=0.001 align=0.179 (best 0.003, gate 0.95)
    [bpf] 32300/37500 F=1.3337e+00 move=123.8% lr=3.0e-04 t=88.9m
    [bpf] 32350/37500 F=1.2878e+00 move=123.9% lr=3.0e-04 t=89.0m
    [bpf] 32400/37500 F=7.8086e-01 move=123.9% lr=3.0e-04 t=89.1m
    [bpf] 32450/37500 F=9.2635e-01 move=124.0% lr=3.0e-04 t=89.3m
    [bpf] 32500/37500 F=3.2019e+00 move=124.1% lr=3.0e-04 t=89.4m
    [bpf] 32500/37500 train lat_retr=0.001 align=0.220 (best 0.003, gate 0.95)
    [bpf] 32550/37500 F=9.0092e-01 move=124.2% lr=3.0e-04 t=89.5m
    [bpf] 32600/37500 F=5.8113e-01 move=124.2% lr=3.0e-04 t=89.7m
    [bpf] 32650/37500 F=5.0371e-01 move=124.2% lr=3.0e-04 t=89.8m
    [bpf] 32700/37500 F=5.9612e-01 move=124.2% lr=3.0e-04 t=89.9m
    [bpf] 32750/37500 F=3.5311e-01 move=124.2% lr=3.0e-04 t=90.1m
    [bpf] 32750/37500 train lat_retr=0.001 align=0.592 (best 0.003, gate 0.95)
    [bpf] 32800/37500 F=5.7982e-01 move=124.2% lr=3.0e-04 t=90.2m
    [bpf] 32850/37500 F=6.9335e-01 move=124.2% lr=3.0e-04 t=90.4m
    [bpf] 32900/37500 F=1.0753e+00 move=124.2% lr=3.0e-04 t=90.5m
    [bpf] 32950/37500 F=7.3337e-01 move=124.2% lr=3.0e-04 t=90.6m
    [bpf] 33000/37500 F=5.3481e-01 move=124.2% lr=3.0e-04 t=90.8m
    [bpf] 33000/37500 train lat_retr=0.000 align=-0.000 (best 0.003, gate 0.95)
    [bpf] 33050/37500 F=7.7313e-01 move=124.2% lr=3.0e-04 t=90.9m
    [bpf] 33100/37500 F=6.0407e-01 move=124.3% lr=3.0e-04 t=91.1m
    [bpf] 33150/37500 F=4.8779e-01 move=124.3% lr=3.0e-04 t=91.2m
    [bpf] 33200/37500 F=4.6208e-01 move=124.3% lr=3.0e-04 t=91.3m
    [bpf] 33250/37500 F=3.6173e-01 move=124.3% lr=3.0e-04 t=91.5m
    [bpf] 33250/37500 train lat_retr=0.001 align=0.000 (best 0.003, gate 0.95)
    [bpf] 33300/37500 F=5.1890e-01 move=124.3% lr=3.0e-04 t=91.6m
    [bpf] 33350/37500 F=3.1834e-01 move=124.3% lr=3.0e-04 t=91.8m
    [bpf] 33400/37500 F=3.6209e-01 move=124.3% lr=3.0e-04 t=91.9m
    [bpf] 33450/37500 F=4.3639e-01 move=124.3% lr=3.0e-04 t=92.0m
    [bpf] 33500/37500 F=6.7762e-01 move=124.4% lr=3.0e-04 t=92.2m
    [bpf] 33500/37500 train lat_retr=0.000 align=0.000 (best 0.003, gate 0.95)
    [bpf] 33550/37500 F=3.1459e-01 move=124.4% lr=3.0e-04 t=92.3m
    [bpf] 33600/37500 F=3.9330e-01 move=124.4% lr=3.0e-04 t=92.5m
    [bpf] 33650/37500 F=4.0465e-01 move=124.4% lr=3.0e-04 t=92.6m
    [bpf] 33700/37500 F=4.3917e-01 move=124.4% lr=3.0e-04 t=92.7m
    [bpf] 33750/37500 F=3.1490e-01 move=124.4% lr=3.0e-04 t=92.9m
    [bpf] 33750/37500 train lat_retr=0.000 align=0.000 (best 0.003, gate 0.95)
    [bpf] 33800/37500 F=3.0401e-01 move=124.4% lr=3.0e-04 t=93.0m
    [bpf] 33850/37500 F=3.7674e-01 move=124.4% lr=3.0e-04 t=93.2m
    [bpf] 33900/37500 F=2.5023e-01 move=124.4% lr=3.0e-04 t=93.3m
    [bpf] 33950/37500 F=2.3153e-01 move=124.4% lr=3.0e-04 t=93.4m
    [bpf] 34000/37500 F=4.6360e-01 move=124.4% lr=3.0e-04 t=93.6m
    [bpf] 34000/37500 train lat_retr=0.000 align=0.000 (best 0.003, gate 0.95)
    [bpf] 34050/37500 F=2.0465e-01 move=124.4% lr=3.0e-04 t=93.7m
    [bpf] 34100/37500 F=2.1219e-01 move=124.4% lr=3.0e-04 t=93.9m
    [bpf] 34150/37500 F=3.1445e-01 move=124.4% lr=3.0e-04 t=94.0m
    [bpf] 34200/37500 F=3.6056e-01 move=124.4% lr=3.0e-04 t=94.1m
    [bpf] 34250/37500 F=2.2682e+00 move=124.4% lr=3.0e-04 t=94.3m
    [bpf] 34250/37500 train lat_retr=0.000 align=-0.000 (best 0.003, gate 0.95)
    [bpf] 34300/37500 F=9.7034e-01 move=124.5% lr=3.0e-04 t=94.4m
    [bpf] 34350/37500 F=5.3067e-01 move=124.5% lr=3.0e-04 t=94.6m
    [bpf] 34400/37500 F=3.9786e-01 move=124.5% lr=3.0e-04 t=94.7m
    [bpf] 34450/37500 F=3.4734e-01 move=124.5% lr=3.0e-04 t=94.8m
    [bpf] 34500/37500 F=2.8298e-01 move=124.6% lr=3.0e-04 t=95.0m
    [bpf] 34500/37500 train lat_retr=0.000 align=0.000 (best 0.003, gate 0.95)
    [bpf] 34550/37500 F=7.1044e+08 move=127.3% lr=3.0e-04 t=95.1m
    [bpf] 34600/37500 F=1.2291e+08 move=127.5% lr=3.0e-04 t=95.3m
    [bpf] 34650/37500 F=4.4892e+07 move=127.5% lr=3.0e-04 t=95.4m
    [bpf] 34700/37500 F=1.1708e+07 move=127.6% lr=3.0e-04 t=95.5m
    [bpf] 34750/37500 F=2.9813e+06 move=127.6% lr=3.0e-04 t=95.7m
    [bpf] 34750/37500 train lat_retr=0.001 align=-0.000 (best 0.003, gate 0.95)
    [bpf] 34800/37500 F=9.8350e+05 move=127.6% lr=3.0e-04 t=95.8m
    [bpf] 34850/37500 F=4.7030e+05 move=127.6% lr=3.0e-04 t=96.0m
    [bpf] 34900/37500 F=4.8867e+05 move=127.6% lr=3.0e-04 t=96.1m
    [bpf] 34950/37500 F=2.7404e+05 move=127.6% lr=3.0e-04 t=96.2m
    [bpf] 35000/37500 F=1.4349e+05 move=127.6% lr=3.0e-04 t=96.4m
    [bpf] 35000/37500 train lat_retr=0.001 align=-0.000 (best 0.003, gate 0.95)
    [bpf] 35050/37500 F=1.2387e+05 move=127.7% lr=3.0e-04 t=96.5m
    [bpf] 35100/37500 F=8.3605e+04 move=127.7% lr=3.0e-04 t=96.6m
    [bpf] 35150/37500 F=3.1005e+05 move=127.7% lr=3.0e-04 t=96.8m
    [bpf] 35200/37500 F=1.3421e+05 move=127.7% lr=3.0e-04 t=96.9m
    [bpf] 35250/37500 F=4.2316e+04 move=127.7% lr=3.0e-04 t=97.1m
    [bpf] 35250/37500 train lat_retr=0.001 align=0.009 (best 0.003, gate 0.95)
    [bpf] 35300/37500 F=1.9147e+05 move=127.8% lr=3.0e-04 t=97.2m
    [bpf] 35350/37500 F=3.4473e+04 move=127.9% lr=3.0e-04 t=97.3m
    [bpf] 35400/37500 F=3.2847e+04 move=127.9% lr=3.0e-04 t=97.5m
    [bpf] 35450/37500 F=3.1060e+04 move=127.9% lr=3.0e-04 t=97.6m
    [bpf] 35500/37500 F=1.9939e+05 move=127.9% lr=3.0e-04 t=97.8m
    [bpf] 35500/37500 train lat_retr=0.001 align=0.016 (best 0.003, gate 0.95)
    [bpf] 35550/37500 F=5.5906e+04 move=127.9% lr=3.0e-04 t=97.9m
    [bpf] 35600/37500 F=1.4828e+04 move=127.9% lr=3.0e-04 t=98.0m
    [bpf] 35650/37500 F=2.3612e+04 move=127.9% lr=3.0e-04 t=98.2m
    [bpf] 35700/37500 F=1.8431e+04 move=127.9% lr=3.0e-04 t=98.3m
    [bpf] 35750/37500 F=7.7291e+04 move=127.9% lr=3.0e-04 t=98.4m
    [bpf] 35750/37500 train lat_retr=0.001 align=0.017 (best 0.003, gate 0.95)
    [bpf] 35800/37500 F=4.6755e+04 move=127.9% lr=3.0e-04 t=98.6m
    [bpf] 35850/37500 F=1.0381e+05 move=127.9% lr=3.0e-04 t=98.7m
    [bpf] 35900/37500 F=6.5421e+04 move=127.9% lr=3.0e-04 t=98.8m
    [bpf] 35950/37500 F=8.6774e+04 move=127.9% lr=3.0e-04 t=99.0m
    [bpf] 36000/37500 F=5.1572e+04 move=128.0% lr=3.0e-04 t=99.1m
    [bpf] 36000/37500 train lat_retr=0.001 align=0.026 (best 0.003, gate 0.95)
    [bpf] 36050/37500 F=2.0286e+04 move=128.0% lr=3.0e-04 t=99.3m
    [bpf] 36100/37500 F=3.5797e+04 move=128.0% lr=3.0e-04 t=99.4m
    [bpf] 36150/37500 F=3.2044e+04 move=128.0% lr=3.0e-04 t=99.6m
    [bpf] 36200/37500 F=7.6116e+04 move=128.0% lr=3.0e-04 t=99.7m
    [bpf] 36250/37500 F=4.3478e+04 move=128.0% lr=3.0e-04 t=99.8m
    [bpf] 36250/37500 train lat_retr=0.001 align=0.005 (best 0.003, gate 0.95)
    [bpf] 36300/37500 F=2.6228e+04 move=128.0% lr=3.0e-04 t=100.0m
    [bpf] 36350/37500 F=2.2538e+05 move=128.1% lr=3.0e-04 t=100.1m
    [bpf] 36400/37500 F=2.1416e+04 move=128.1% lr=3.0e-04 t=100.3m
    [bpf] 36450/37500 F=9.7271e+04 move=128.1% lr=3.0e-04 t=100.4m
    [bpf] 36500/37500 F=2.4887e+04 move=128.1% lr=3.0e-04 t=100.5m
    [bpf] 36500/37500 train lat_retr=0.001 align=0.003 (best 0.003, gate 0.95)
    [bpf] 36550/37500 F=2.9275e+04 move=128.1% lr=3.0e-04 t=100.7m
    [bpf] 36600/37500 F=3.2529e+04 move=128.1% lr=3.0e-04 t=100.8m
    [bpf] 36650/37500 F=6.7955e+04 move=128.2% lr=3.0e-04 t=100.9m
    [bpf] 36700/37500 F=4.0775e+04 move=128.2% lr=3.0e-04 t=101.1m
    [bpf] 36750/37500 F=3.3112e+04 move=128.1% lr=3.0e-04 t=101.2m
    [bpf] 36750/37500 train lat_retr=0.001 align=0.001 (best 0.003, gate 0.95)
    [bpf] 36800/37500 F=3.8840e+04 move=128.1% lr=3.0e-04 t=101.3m
    [bpf] 36850/37500 F=5.9374e+04 move=128.0% lr=3.0e-04 t=101.5m
    [bpf] 36900/37500 F=7.6073e+04 move=128.1% lr=3.0e-04 t=101.6m
    [bpf] 36950/37500 F=6.2694e+04 move=128.1% lr=3.0e-04 t=101.7m
    [bpf] 37000/37500 F=6.9798e+04 move=128.2% lr=3.0e-04 t=101.9m
    [bpf] 37000/37500 train lat_retr=0.001 align=0.000 (best 0.003, gate 0.95)
    [bpf] 37050/37500 F=1.0188e+05 move=128.2% lr=3.0e-04 t=102.0m
    [bpf] 37100/37500 F=3.4401e+04 move=128.2% lr=3.0e-04 t=102.2m
    [bpf] 37150/37500 F=4.6297e+04 move=128.2% lr=3.0e-04 t=102.3m
    [bpf] 37200/37500 F=3.1307e+04 move=128.2% lr=3.0e-04 t=102.4m
    [bpf] 37250/37500 F=5.0467e+04 move=128.2% lr=3.0e-04 t=102.6m
    [bpf] 37250/37500 train lat_retr=0.001 align=0.000 (best 0.003, gate 0.95)
    [bpf] 37300/37500 F=1.8935e+05 move=128.2% lr=3.0e-04 t=102.7m
    [bpf] 37350/37500 F=6.6960e+04 move=128.2% lr=3.0e-04 t=102.9m
    [bpf] 37400/37500 F=6.6269e+04 move=128.2% lr=3.0e-04 t=103.0m
    [bpf] 37450/37500 F=4.5233e+04 move=128.3% lr=3.0e-04 t=103.1m
    [bpf] 37500/37500 F=2.9728e+04 move=128.3% lr=3.0e-04 t=103.3m
    [bpf] 37500/37500 train lat_retr=0.001 align=0.000 (best 0.003, gate 0.95)
  BPonF seed 0: move=128.3% | TRAIN lat_retr=0.001 (fit gate FAIL (measured outcome: BP did not fit train through F within budget)) | HELD-OUT lat_retr=0.00100 (2/2000, chance 0.00050, 1.0 sigma) align_cos=0.000 | gen: retr=0.00050 (1/2000) diversity=1.042 recon=0.2909 (base 0.0677) i2t=0.164 | 103.3 min

saved: BPonF_freelatent_results.json (+1 records, total 1)

==================== BPonF FREE-LATENT VERDICT (n_train=8000, held-out only) ====================
  seed 0: fit_gate=FAIL (train 0.001, best 0.003) move=128.3% | PRIMARY latent 2/2000 (+1.0 sigma) vs bar >3/2000 | align_cos=0.000 | recon 0.2909 FAILS train-mean base 0.0677
VERDICT: AT CHANCE WITH RELAXED LATENTS -- seed 0: 2/2000 (bar >3/2000), train fit 0.001, align_cos 0.000. The pinned-latent objection is DEAD: descent on F fails regardless of latent handling. Strong wording holds.
NOTE: reconstruction still FAILS the train-mean baseline on every seed, matching pinned BPonF.
JOB_OK_bpff_8k
