[data] downloading COCO annotations (~241MB)...
[data] downloads done (70s)
[data] COCO ready (3000, 64, 64, 3) (82s)
=== COUPLING SCALE === smoke=False N_have=3000 -> train=2000 eval=1000 | img (64, 64, 3) | V=46 | BATCHJ=128 EPOCHS=150 (2400 steps) warmup=1500 warmlr=0.002 ramp=300 control=False | chance eval=0.00100
model: 156.7M params | DM=768 DIMS=[3072, 3072, 1536, 1536] | plain LARS lr=0.02

----- ARM A (warmup=no, joint_steps=2400, jointw=0.0) -----
    [joint]    50/2400 F=9.6402e-02 move=2.0% lr=3.3e-03 t=0.4m
    [joint]   100/2400 F=9.2518e-02 move=4.9% lr=6.7e-03 t=0.7m
    [joint]   150/2400 F=9.3044e-02 move=8.3% lr=1.0e-02 t=1.0m
    [joint]   200/2400 F=9.1932e-02 move=12.8% lr=1.3e-02 t=1.3m
    [joint]   250/2400 F=8.8224e-02 move=17.7% lr=1.7e-02 t=1.6m
    [joint]   300/2400 F=8.0848e-02 move=22.3% lr=2.0e-02 t=1.9m
    [joint]   350/2400 F=8.2758e-02 move=24.8% lr=2.0e-02 t=2.2m
    [joint]   400/2400 F=7.9933e-02 move=27.3% lr=2.0e-02 t=2.5m
    [joint]   450/2400 F=7.4522e-02 move=30.0% lr=2.0e-02 t=2.8m
    [joint]   500/2400 F=7.0184e-02 move=32.7% lr=2.0e-02 t=3.1m
    [joint]   550/2400 F=6.4210e-02 move=35.1% lr=2.0e-02 t=3.4m
    [joint]   600/2400 F=6.3984e-02 move=37.1% lr=2.0e-02 t=3.7m
    [joint]   650/2400 F=6.7163e-02 move=38.7% lr=2.0e-02 t=3.9m
    [joint]   700/2400 F=6.3630e-02 move=40.8% lr=2.0e-02 t=4.2m
    [joint]   750/2400 F=1.5282e-01 move=41.9% lr=2.0e-02 t=4.5m
    [joint]   800/2400 F=6.9877e-02 move=43.0% lr=2.0e-02 t=4.8m
    [joint]   850/2400 F=6.1120e-02 move=44.4% lr=2.0e-02 t=5.1m
    [joint]   900/2400 F=6.1371e-02 move=46.0% lr=2.0e-02 t=5.4m
    [joint]   950/2400 F=5.9073e-02 move=47.6% lr=2.0e-02 t=5.7m
    [joint]  1000/2400 F=6.0114e-02 move=49.2% lr=2.0e-02 t=6.0m
    [joint]  1050/2400 F=5.9459e-02 move=50.5% lr=2.0e-02 t=6.3m
    [joint]  1100/2400 F=5.8990e-02 move=51.5% lr=2.0e-02 t=6.6m
    [joint]  1150/2400 F=5.6932e-02 move=52.7% lr=2.0e-02 t=6.9m
    [joint]  1200/2400 F=5.7062e-02 move=53.8% lr=2.0e-02 t=7.2m
    [joint]  1250/2400 F=5.7978e-02 move=55.1% lr=2.0e-02 t=7.5m
    [joint]  1300/2400 F=5.4690e-02 move=56.2% lr=2.0e-02 t=7.8m
    [joint]  1350/2400 F=5.6194e-02 move=57.1% lr=2.0e-02 t=8.1m
    [joint]  1400/2400 F=5.2809e-02 move=58.3% lr=2.0e-02 t=8.4m
    [joint]  1450/2400 F=5.2573e-02 move=59.4% lr=2.0e-02 t=8.7m
    [joint]  1500/2400 F=4.7770e-02 move=59.8% lr=2.0e-02 t=9.0m
    [joint]  1550/2400 F=4.6642e-02 move=60.5% lr=2.0e-02 t=9.3m
    [joint]  1600/2400 F=4.7410e-02 move=61.3% lr=2.0e-02 t=9.6m
    [joint]  1650/2400 F=5.0471e-02 move=61.8% lr=2.0e-02 t=9.9m
    [joint]  1700/2400 F=5.0442e-02 move=62.6% lr=2.0e-02 t=10.2m
    [joint]  1750/2400 F=4.5967e-02 move=63.2% lr=2.0e-02 t=10.5m
    [joint]  1800/2400 F=4.7005e-02 move=63.8% lr=2.0e-02 t=10.8m
    [joint]  1850/2400 F=4.9817e-02 move=64.3% lr=2.0e-02 t=11.1m
    [joint]  1900/2400 F=4.6177e-02 move=65.0% lr=2.0e-02 t=11.4m
    [joint]  1950/2400 F=4.6583e-02 move=65.7% lr=2.0e-02 t=11.7m
    [joint]  2000/2400 F=4.6227e-02 move=66.2% lr=2.0e-02 t=12.0m
    [joint]  2050/2400 F=4.8819e-02 move=66.9% lr=2.0e-02 t=12.3m
    [joint]  2100/2400 F=4.5335e-02 move=67.7% lr=2.0e-02 t=12.6m
    [joint]  2150/2400 F=4.4962e-02 move=68.6% lr=2.0e-02 t=12.9m
    [joint]  2200/2400 F=4.6908e-02 move=69.4% lr=2.0e-02 t=13.2m
    [joint]  2250/2400 F=4.6125e-02 move=70.1% lr=2.0e-02 t=13.5m
    [joint]  2300/2400 F=4.6343e-02 move=70.7% lr=2.0e-02 t=13.8m
    [joint]  2350/2400 F=4.7345e-02 move=71.4% lr=2.0e-02 t=14.1m
    [joint]  2400/2400 F=4.5716e-02 move=72.1% lr=2.0e-02 t=14.4m
  ARM A: move=72.1% | HELD-OUT retr=0.00100 (1/1000, chance 0.00100) align_cos=0.745 lat_retr=0.000 diversity=0.436 recon=0.0260 i2t=0.312

----- ARM B (warmup=yes, joint_steps=2400, jointw=0.0) -----
    [warmup]    50 infonce=4.0507 t=0.1m
    [warmup]   100 infonce=3.7996 t=0.1m
    [warmup]   150 infonce=3.4919 t=0.1m
    [warmup]   200 infonce=3.0199 t=0.1m
    [warmup]   250 infonce=2.9592 t=0.2m
    [warmup]   300 infonce=2.5692 t=0.2m
    [warmup]   350 infonce=2.3166 t=0.2m
    [warmup]   400 infonce=2.0615 t=0.3m
    [warmup]   450 infonce=1.6948 t=0.3m
    [warmup]   500 infonce=1.4536 t=0.3m
    [warmup]   550 infonce=1.2063 t=0.3m
    [warmup]   600 infonce=0.9228 t=0.4m
    [warmup]   650 infonce=0.7512 t=0.4m
    [warmup]   700 infonce=0.6563 t=0.4m
    [warmup]   750 infonce=0.4828 t=0.4m
    [warmup]   800 infonce=0.4084 t=0.5m
    [warmup]   850 infonce=0.3134 t=0.5m
    [warmup]   900 infonce=0.2785 t=0.5m
    [warmup]   950 infonce=0.2387 t=0.6m
    [warmup]  1000 infonce=0.1567 t=0.6m
    [warmup]  1050 infonce=0.1309 t=0.6m
    [warmup]  1100 infonce=0.1054 t=0.6m
    [warmup]  1150 infonce=0.0799 t=0.7m
    [warmup]  1200 infonce=0.0859 t=0.7m
    [warmup]  1250 infonce=0.0602 t=0.7m
    [warmup]  1300 infonce=0.0507 t=0.8m
    [warmup]  1350 infonce=0.0404 t=0.8m
    [warmup]  1400 infonce=0.0398 t=0.8m
    [warmup]  1450 infonce=0.0284 t=0.8m
    [warmup]  1500 infonce=0.0350 t=0.9m
  ARM B POST-WARMUP (pre-joint) held-out: align_cos=0.021 lat_retr=0.000 (chance 0.0010)
    [joint]    50/2400 F=9.1707e-02 move=17.6% lr=3.3e-03 t=0.3m
    [joint]   100/2400 F=9.4763e-02 move=17.9% lr=6.7e-03 t=0.6m
    [joint]   150/2400 F=9.0257e-02 move=18.9% lr=1.0e-02 t=0.9m
    [joint]   200/2400 F=9.5789e-02 move=20.7% lr=1.3e-02 t=1.2m
    [joint]   250/2400 F=8.8454e-02 move=23.7% lr=1.7e-02 t=1.5m
    [joint]   300/2400 F=8.7993e-02 move=26.9% lr=2.0e-02 t=1.8m
    [joint]   350/2400 F=7.6103e-02 move=28.7% lr=2.0e-02 t=2.1m
    [joint]   400/2400 F=7.3805e-02 move=30.8% lr=2.0e-02 t=2.4m
    [joint]   450/2400 F=7.2809e-02 move=32.7% lr=2.0e-02 t=2.6m
    [joint]   500/2400 F=7.0760e-02 move=34.4% lr=2.0e-02 t=2.9m
    [joint]   550/2400 F=6.9520e-02 move=36.2% lr=2.0e-02 t=3.2m
    [joint]   600/2400 F=7.0476e-02 move=37.9% lr=2.0e-02 t=3.5m
    [joint]   650/2400 F=6.6469e-02 move=39.4% lr=2.0e-02 t=3.8m
    [joint]   700/2400 F=6.4789e-02 move=40.9% lr=2.0e-02 t=4.1m
    [joint]   750/2400 F=6.3706e-02 move=42.4% lr=2.0e-02 t=4.4m
    [joint]   800/2400 F=5.8849e-02 move=43.8% lr=2.0e-02 t=4.7m
    [joint]   850/2400 F=6.3317e-02 move=45.3% lr=2.0e-02 t=5.0m
    [joint]   900/2400 F=5.9295e-02 move=46.7% lr=2.0e-02 t=5.3m
    [joint]   950/2400 F=5.9500e-02 move=48.0% lr=2.0e-02 t=5.6m
    [joint]  1000/2400 F=6.0170e-02 move=49.4% lr=2.0e-02 t=5.9m
    [joint]  1050/2400 F=5.9988e-02 move=50.4% lr=2.0e-02 t=6.2m
    [joint]  1100/2400 F=5.7055e-02 move=51.4% lr=2.0e-02 t=6.5m
    [joint]  1150/2400 F=5.5694e-02 move=52.2% lr=2.0e-02 t=6.8m
    [joint]  1200/2400 F=6.1336e-02 move=52.9% lr=2.0e-02 t=7.1m
    [joint]  1250/2400 F=6.3053e-02 move=53.7% lr=2.0e-02 t=7.4m
    [joint]  1300/2400 F=5.6740e-02 move=54.4% lr=2.0e-02 t=7.7m
    [joint]  1350/2400 F=5.4016e-02 move=55.2% lr=2.0e-02 t=8.0m
    [joint]  1400/2400 F=5.3972e-02 move=55.8% lr=2.0e-02 t=8.3m
    [joint]  1450/2400 F=5.5857e-02 move=56.6% lr=2.0e-02 t=8.6m
    [joint]  1500/2400 F=5.6623e-02 move=57.2% lr=2.0e-02 t=8.9m
    [joint]  1550/2400 F=5.3521e-02 move=58.0% lr=2.0e-02 t=9.2m
    [joint]  1600/2400 F=5.5001e-02 move=59.0% lr=2.0e-02 t=9.5m
    [joint]  1650/2400 F=5.1826e-02 move=59.9% lr=2.0e-02 t=9.8m
    [joint]  1700/2400 F=5.6125e-02 move=60.6% lr=2.0e-02 t=10.1m
    [joint]  1750/2400 F=4.8547e-02 move=61.4% lr=2.0e-02 t=10.4m
    [joint]  1800/2400 F=4.9784e-02 move=61.9% lr=2.0e-02 t=10.7m
    [joint]  1850/2400 F=4.9439e-02 move=62.2% lr=2.0e-02 t=11.0m
    [joint]  1900/2400 F=4.8571e-02 move=62.6% lr=2.0e-02 t=11.3m
    [joint]  1950/2400 F=4.8129e-02 move=63.0% lr=2.0e-02 t=11.5m
    [joint]  2000/2400 F=4.9320e-02 move=63.4% lr=2.0e-02 t=11.8m
    [joint]  2050/2400 F=4.9796e-02 move=63.8% lr=2.0e-02 t=12.1m
    [joint]  2100/2400 F=4.8083e-02 move=64.3% lr=2.0e-02 t=12.4m
    [joint]  2150/2400 F=4.8405e-02 move=64.8% lr=2.0e-02 t=12.7m
    [joint]  2200/2400 F=4.7735e-02 move=65.4% lr=2.0e-02 t=13.0m
    [joint]  2250/2400 F=4.7765e-02 move=65.8% lr=2.0e-02 t=13.3m
    [joint]  2300/2400 F=4.8320e-02 move=66.2% lr=2.0e-02 t=13.6m
    [joint]  2350/2400 F=4.9880e-02 move=66.9% lr=2.0e-02 t=14.0m
    [joint]  2400/2400 F=4.7905e-02 move=67.5% lr=2.0e-02 t=14.2m
  ARM B: move=67.5% | HELD-OUT retr=0.00100 (1/1000, chance 0.00100) align_cos=0.756 lat_retr=0.006 diversity=0.353 recon=0.0287 i2t=0.312 | POST-WARMUP lat_retr=0.000 -> POST-JOINT lat_retr=0.006

==================== COUPLING SCALE VERDICT (held-out only) ====================
VERDICT: STILL AT CHANCE at n_train=2000 (A 1/1000, B 1/1000) -- coupling does not yet enable held-out matching at this scale. align delta +0.011 (B aligned more (mechanism works, insufficient)). Climb the data ladder or report the bottleneck. | NO control (set RUNS1_CONTROL=1)
saved: coupling_scale_grid_seed0.png, coupling_scale_results_seed0.json | ckpt /root
