[data] reused cache (3000, 64, 64, 3)
=== COUPLING SCALE === smoke=False N_have=3000 -> train=2000 eval=1000 | img (64, 64, 3) | V=46 | BATCHJ=128 EPOCHS=150 (2400 steps) warmup=1500 warmlr=0.002 ramp=300 control=False | chance eval=0.00100
model: 156.7M params | DM=768 DIMS=[3072, 3072, 1536, 1536] | plain LARS lr=0.02

----- ARM A (warmup=no, joint_steps=2400, jointw=0.0) -----
    [joint]    50/2400 F=9.6402e-02 move=2.0% lr=3.3e-03 t=0.4m
    [joint]   100/2400 F=9.2514e-02 move=4.9% lr=6.7e-03 t=0.7m
    [joint]   150/2400 F=9.3003e-02 move=8.4% lr=1.0e-02 t=1.0m
    [joint]   200/2400 F=9.1959e-02 move=12.8% lr=1.3e-02 t=1.3m
    [joint]   250/2400 F=8.8114e-02 move=17.8% lr=1.7e-02 t=1.6m
    [joint]   300/2400 F=8.0877e-02 move=22.3% lr=2.0e-02 t=1.9m
    [joint]   350/2400 F=8.2855e-02 move=24.8% lr=2.0e-02 t=2.2m
    [joint]   400/2400 F=7.7013e-02 move=27.2% lr=2.0e-02 t=2.5m
    [joint]   450/2400 F=7.1366e-02 move=29.7% lr=2.0e-02 t=2.8m
    [joint]   500/2400 F=7.0922e-02 move=32.0% lr=2.0e-02 t=3.1m
    [joint]   550/2400 F=6.9213e-02 move=34.3% lr=2.0e-02 t=3.4m
    [joint]   600/2400 F=6.6224e-02 move=36.0% lr=2.0e-02 t=3.8m
    [joint]   650/2400 F=6.9685e-02 move=37.7% lr=2.0e-02 t=4.1m
    [joint]   700/2400 F=6.7253e-02 move=39.5% lr=2.0e-02 t=4.4m
    [joint]   750/2400 F=6.4168e-02 move=41.2% lr=2.0e-02 t=4.7m
    [joint]   800/2400 F=6.0281e-02 move=42.8% lr=2.0e-02 t=5.0m
    [joint]   850/2400 F=5.8970e-02 move=44.4% lr=2.0e-02 t=5.3m
    [joint]   900/2400 F=5.9754e-02 move=46.0% lr=2.0e-02 t=5.6m
    [joint]   950/2400 F=5.7936e-02 move=47.2% lr=2.0e-02 t=5.9m
    [joint]  1000/2400 F=5.7870e-02 move=48.4% lr=2.0e-02 t=6.2m
    [joint]  1050/2400 F=5.5751e-02 move=49.9% lr=2.0e-02 t=6.6m
    [joint]  1100/2400 F=5.7593e-02 move=51.4% lr=2.0e-02 t=6.9m
    [joint]  1150/2400 F=5.6919e-02 move=52.5% lr=2.0e-02 t=7.2m
    [joint]  1200/2400 F=5.4953e-02 move=53.6% lr=2.0e-02 t=7.5m
    [joint]  1250/2400 F=5.2411e-02 move=54.8% lr=2.0e-02 t=7.8m
    [joint]  1300/2400 F=5.0716e-02 move=56.1% lr=2.0e-02 t=8.1m
    [joint]  1350/2400 F=5.2932e-02 move=57.1% lr=2.0e-02 t=8.4m
    [joint]  1400/2400 F=5.0152e-02 move=58.4% lr=2.0e-02 t=8.7m
    [joint]  1450/2400 F=5.1451e-02 move=59.5% lr=2.0e-02 t=9.0m
    [joint]  1500/2400 F=4.8087e-02 move=60.5% lr=2.0e-02 t=9.4m
    [joint]  1550/2400 F=4.7052e-02 move=61.0% lr=2.0e-02 t=9.7m
    [joint]  1600/2400 F=4.9384e-02 move=61.4% lr=2.0e-02 t=10.0m
    [joint]  1650/2400 F=4.8677e-02 move=62.2% lr=2.0e-02 t=10.3m
    [joint]  1700/2400 F=4.7701e-02 move=63.0% lr=2.0e-02 t=10.6m
    [joint]  1750/2400 F=4.4881e-02 move=63.6% lr=2.0e-02 t=10.9m
    [joint]  1800/2400 F=4.5819e-02 move=64.1% lr=2.0e-02 t=11.2m
    [joint]  1850/2400 F=4.6591e-02 move=64.8% lr=2.0e-02 t=11.5m
    [joint]  1900/2400 F=4.6632e-02 move=65.5% lr=2.0e-02 t=11.8m
    [joint]  1950/2400 F=4.4536e-02 move=66.2% lr=2.0e-02 t=12.1m
    [joint]  2000/2400 F=4.3201e-02 move=66.9% lr=2.0e-02 t=12.4m
    [joint]  2050/2400 F=4.7153e-02 move=67.7% lr=2.0e-02 t=12.7m
    [joint]  2100/2400 F=4.3752e-02 move=68.4% lr=2.0e-02 t=13.0m
    [joint]  2150/2400 F=4.4234e-02 move=69.1% lr=2.0e-02 t=13.3m
    [joint]  2200/2400 F=4.3677e-02 move=69.8% lr=2.0e-02 t=13.7m
    [joint]  2250/2400 F=4.4215e-02 move=70.4% lr=2.0e-02 t=14.0m
    [joint]  2300/2400 F=4.2297e-02 move=71.1% lr=2.0e-02 t=14.3m
    [joint]  2350/2400 F=4.3383e-02 move=71.7% lr=2.0e-02 t=14.6m
    [joint]  2400/2400 F=4.3029e-02 move=72.3% lr=2.0e-02 t=14.9m
  ARM A: move=72.3% | HELD-OUT retr=0.00000 (0/1000, chance 0.00100) align_cos=0.806 lat_retr=0.001 diversity=0.428 recon=0.0241 i2t=0.316

----- ARM B (warmup=yes, joint_steps=2400, jointw=0.1) -----
    [warmup]    50 infonce=4.0509 t=0.1m
    [warmup]   100 infonce=3.7996 t=0.1m
    [warmup]   150 infonce=3.4923 t=0.1m
    [warmup]   200 infonce=3.0193 t=0.1m
    [warmup]   250 infonce=2.9622 t=0.2m
    [warmup]   300 infonce=2.5668 t=0.2m
    [warmup]   350 infonce=2.3151 t=0.2m
    [warmup]   400 infonce=2.0570 t=0.3m
    [warmup]   450 infonce=1.6917 t=0.3m
    [warmup]   500 infonce=1.4496 t=0.3m
    [warmup]   550 infonce=1.2080 t=0.3m
    [warmup]   600 infonce=0.9212 t=0.4m
    [warmup]   650 infonce=0.7434 t=0.4m
    [warmup]   700 infonce=0.6521 t=0.4m
    [warmup]   750 infonce=0.4919 t=0.5m
    [warmup]   800 infonce=0.4104 t=0.5m
    [warmup]   850 infonce=0.3242 t=0.5m
    [warmup]   900 infonce=0.2789 t=0.5m
    [warmup]   950 infonce=0.2392 t=0.6m
    [warmup]  1000 infonce=0.1558 t=0.6m
    [warmup]  1050 infonce=0.1305 t=0.6m
    [warmup]  1100 infonce=0.1100 t=0.7m
    [warmup]  1150 infonce=0.0807 t=0.7m
    [warmup]  1200 infonce=0.0865 t=0.7m
    [warmup]  1250 infonce=0.0624 t=0.7m
    [warmup]  1300 infonce=0.0511 t=0.8m
    [warmup]  1350 infonce=0.0406 t=0.8m
    [warmup]  1400 infonce=0.0399 t=0.8m
    [warmup]  1450 infonce=0.0282 t=0.9m
    [warmup]  1500 infonce=0.0362 t=0.9m
  ARM B POST-WARMUP (pre-joint) held-out: align_cos=0.022 lat_retr=0.000 (chance 0.0010)
    [joint]    50/2400 F=9.1695e-02 move=17.7% lr=3.3e-03 t=0.3m
    [joint]   100/2400 F=9.4739e-02 move=18.0% lr=6.7e-03 t=0.7m
    [joint]   150/2400 F=9.0227e-02 move=19.1% lr=1.0e-02 t=1.0m
    [joint]   200/2400 F=9.5826e-02 move=20.9% lr=1.3e-02 t=1.3m
    [joint]   250/2400 F=8.8712e-02 move=23.7% lr=1.7e-02 t=1.7m
    [joint]   300/2400 F=8.9564e-02 move=26.7% lr=2.0e-02 t=2.0m
    [joint]   350/2400 F=7.6413e-02 move=29.1% lr=2.0e-02 t=2.3m
    [joint]   400/2400 F=7.3151e-02 move=31.3% lr=2.0e-02 t=2.7m
    [joint]   450/2400 F=6.8101e-02 move=33.4% lr=2.0e-02 t=3.0m
    [joint]   500/2400 F=6.7376e-02 move=35.0% lr=2.0e-02 t=3.3m
    [joint]   550/2400 F=7.1542e-02 move=36.8% lr=2.0e-02 t=3.7m
    [joint]   600/2400 F=7.0159e-02 move=38.3% lr=2.0e-02 t=4.0m
    [joint]   650/2400 F=6.5281e-02 move=40.1% lr=2.0e-02 t=4.3m
    [joint]   700/2400 F=6.7334e-02 move=41.5% lr=2.0e-02 t=4.7m
    [joint]   750/2400 F=6.4062e-02 move=42.8% lr=2.0e-02 t=5.0m
    [joint]   800/2400 F=6.0747e-02 move=44.0% lr=2.0e-02 t=5.3m
    [joint]   850/2400 F=6.4362e-02 move=45.1% lr=2.0e-02 t=5.7m
    [joint]   900/2400 F=6.1497e-02 move=46.3% lr=2.0e-02 t=6.0m
    [joint]   950/2400 F=6.1055e-02 move=47.5% lr=2.0e-02 t=6.3m
    [joint]  1000/2400 F=6.2836e-02 move=48.5% lr=2.0e-02 t=6.7m
    [joint]  1050/2400 F=6.0260e-02 move=50.2% lr=2.0e-02 t=7.0m
    [joint]  1100/2400 F=5.5420e-02 move=51.8% lr=2.0e-02 t=7.3m
    [joint]  1150/2400 F=5.7345e-02 move=52.7% lr=2.0e-02 t=7.7m
    [joint]  1200/2400 F=5.9985e-02 move=53.5% lr=2.0e-02 t=8.0m
    [joint]  1250/2400 F=6.0199e-02 move=54.5% lr=2.0e-02 t=8.3m
    [joint]  1300/2400 F=5.5745e-02 move=55.4% lr=2.0e-02 t=8.6m
    [joint]  1350/2400 F=5.5142e-02 move=56.2% lr=2.0e-02 t=9.0m
    [joint]  1400/2400 F=5.9511e-02 move=57.2% lr=2.0e-02 t=9.3m
    [joint]  1450/2400 F=5.7218e-02 move=58.1% lr=2.0e-02 t=9.6m
    [joint]  1500/2400 F=5.7976e-02 move=59.1% lr=2.0e-02 t=10.0m
    [joint]  1550/2400 F=5.6654e-02 move=60.2% lr=2.0e-02 t=10.3m
    [joint]  1600/2400 F=5.5565e-02 move=61.0% lr=2.0e-02 t=10.6m
    [joint]  1650/2400 F=5.5051e-02 move=62.0% lr=2.0e-02 t=11.0m
    [joint]  1700/2400 F=5.8283e-02 move=63.1% lr=2.0e-02 t=11.3m
    [joint]  1750/2400 F=5.3318e-02 move=64.0% lr=2.0e-02 t=11.6m
    [joint]  1800/2400 F=5.4465e-02 move=65.0% lr=2.0e-02 t=12.0m
    [joint]  1850/2400 F=5.2368e-02 move=66.2% lr=2.0e-02 t=12.3m
    [joint]  1900/2400 F=5.2380e-02 move=67.0% lr=2.0e-02 t=12.6m
    [joint]  1950/2400 F=5.1665e-02 move=67.8% lr=2.0e-02 t=13.0m
    [joint]  2000/2400 F=5.4341e-02 move=68.6% lr=2.0e-02 t=13.3m
    [joint]  2050/2400 F=5.2024e-02 move=69.2% lr=2.0e-02 t=13.7m
    [joint]  2100/2400 F=5.2761e-02 move=69.7% lr=2.0e-02 t=14.0m
    [joint]  2150/2400 F=4.9280e-02 move=70.4% lr=2.0e-02 t=14.3m
    [joint]  2200/2400 F=4.7899e-02 move=70.9% lr=2.0e-02 t=14.7m
    [joint]  2250/2400 F=4.6851e-02 move=71.6% lr=2.0e-02 t=15.0m
    [joint]  2300/2400 F=4.7498e-02 move=72.3% lr=2.0e-02 t=15.3m
    [joint]  2350/2400 F=4.7007e-02 move=73.1% lr=2.0e-02 t=15.6m
    [joint]  2400/2400 F=4.6446e-02 move=73.9% lr=2.0e-02 t=16.0m
  ARM B: move=73.9% | HELD-OUT retr=0.00200 (2/1000, chance 0.00100) align_cos=0.774 lat_retr=0.003 diversity=0.407 recon=0.0286 i2t=0.310 | POST-WARMUP lat_retr=0.000 -> POST-JOINT lat_retr=0.003

==================== COUPLING SCALE VERDICT (held-out only) ====================
VERDICT: STILL AT CHANCE at n_train=2000 (A 0/1000, B 2/1000) -- coupling does not yet enable held-out matching at this scale. align delta -0.032 (no extra alignment). Climb the data ladder or report the bottleneck. | NO control (set RUNS1_CONTROL=1)
saved: coupling_scale_grid_seed0.png, coupling_scale_results_seed0.json | ckpt /root
