[data] downloading COCO annotations (~241MB)...
[data] downloads done (22s)
[data] COCO ready (500, 64, 64, 3) (24s)
=== COUPLING SCALE === smoke=False N_have=500 -> train=400 eval=100 | img (64, 64, 3) | V=34 | BATCHJ=1 EPOCHS=13 (5200 steps) warmup=0 warmlr=0.02 ramp=0 control=False | chance eval=0.01000
model: 156.6M params | DM=768 DIMS=[3072, 3072, 1536, 1536] | plain LARS lr=0.02

----- ARM A (warmup=no, joint_steps=5200, jointw=0.0) -----
    [joint]    50/5200 F=1.5828e-01 move=13.5% lr=2.0e-02 t=0.3m
    [joint]   100/5200 F=1.7784e-01 move=17.9% lr=2.0e-02 t=0.6m
    [joint]   150/5200 F=4.1701e-02 move=21.0% lr=2.0e-02 t=0.9m
    [joint]   200/5200 F=6.1015e-02 move=23.8% lr=2.0e-02 t=1.1m
    [joint]   250/5200 F=1.2368e-01 move=26.5% lr=2.0e-02 t=1.4m
    [joint]   300/5200 F=7.8948e-02 move=29.0% lr=2.0e-02 t=1.7m
    [joint]   350/5200 F=7.6459e-02 move=30.9% lr=2.0e-02 t=2.0m
    [joint]   400/5200 F=7.5662e-02 move=32.4% lr=2.0e-02 t=2.2m
    [joint]   450/5200 F=7.7080e-02 move=33.9% lr=2.0e-02 t=2.5m
    [joint]   500/5200 F=8.6680e-02 move=34.9% lr=2.0e-02 t=2.8m
    [joint]   550/5200 F=8.4057e-02 move=35.9% lr=2.0e-02 t=3.0m
    [joint]   600/5200 F=6.8029e-02 move=36.8% lr=2.0e-02 t=3.3m
    [joint]   650/5200 F=8.6022e-02 move=37.7% lr=2.0e-02 t=3.6m
    [joint]   700/5200 F=1.1126e-01 move=38.7% lr=2.0e-02 t=3.8m
    [joint]   750/5200 F=9.5651e-02 move=39.7% lr=2.0e-02 t=4.1m
    [joint]   800/5200 F=8.9120e-02 move=40.7% lr=2.0e-02 t=4.4m
    [joint]   850/5200 F=6.4811e-02 move=42.0% lr=2.0e-02 t=4.7m
    [joint]   900/5200 F=1.6875e-01 move=42.9% lr=2.0e-02 t=4.9m
    [joint]   950/5200 F=9.3622e-02 move=44.0% lr=2.0e-02 t=5.2m
    [joint]  1000/5200 F=1.1448e-01 move=44.8% lr=2.0e-02 t=5.5m
    [joint]  1050/5200 F=1.1814e-01 move=45.6% lr=2.0e-02 t=5.8m
    [joint]  1100/5200 F=9.4672e-02 move=46.7% lr=2.0e-02 t=6.0m
    [joint]  1150/5200 F=3.2408e-02 move=47.5% lr=2.0e-02 t=6.3m
    [joint]  1200/5200 F=5.9138e-02 move=48.5% lr=2.0e-02 t=6.6m
    [joint]  1250/5200 F=6.9503e-02 move=49.3% lr=2.0e-02 t=6.9m
    [joint]  1300/5200 F=1.3848e-01 move=50.0% lr=2.0e-02 t=7.1m
    [joint]  1350/5200 F=1.2871e-01 move=50.5% lr=2.0e-02 t=7.4m
    [joint]  1400/5200 F=9.6116e-02 move=51.2% lr=2.0e-02 t=7.7m
    [joint]  1450/5200 F=5.4417e-02 move=51.8% lr=2.0e-02 t=7.9m
    [joint]  1500/5200 F=1.1959e-01 move=52.5% lr=2.0e-02 t=8.2m
    [joint]  1550/5200 F=7.5103e-02 move=53.2% lr=2.0e-02 t=8.5m
    [joint]  1600/5200 F=8.8442e-02 move=54.0% lr=2.0e-02 t=8.8m
    [joint]  1650/5200 F=7.0687e-02 move=54.4% lr=2.0e-02 t=9.0m
    [joint]  1700/5200 F=9.8643e-02 move=55.0% lr=2.0e-02 t=9.3m
    [joint]  1750/5200 F=8.4600e-02 move=55.5% lr=2.0e-02 t=9.6m
    [joint]  1800/5200 F=5.6512e-02 move=56.3% lr=2.0e-02 t=9.9m
    [joint]  1850/5200 F=1.0052e-01 move=56.8% lr=2.0e-02 t=10.1m
    [joint]  1900/5200 F=1.0491e-01 move=57.4% lr=2.0e-02 t=10.4m
    [joint]  1950/5200 F=4.5019e-02 move=57.9% lr=2.0e-02 t=10.7m
    [joint]  2000/5200 F=5.1956e-02 move=58.7% lr=2.0e-02 t=10.9m
    [joint]  2050/5200 F=5.9301e-02 move=59.4% lr=2.0e-02 t=11.2m
    [joint]  2100/5200 F=7.8275e-02 move=60.0% lr=2.0e-02 t=11.5m
    [joint]  2150/5200 F=6.8582e-02 move=60.6% lr=2.0e-02 t=11.7m
    [joint]  2200/5200 F=5.4846e-02 move=61.0% lr=2.0e-02 t=12.0m
    [joint]  2250/5200 F=7.7519e-02 move=61.7% lr=2.0e-02 t=12.3m
    [joint]  2300/5200 F=1.0402e-01 move=62.3% lr=2.0e-02 t=12.6m
    [joint]  2350/5200 F=9.1360e-02 move=63.1% lr=2.0e-02 t=12.8m
    [joint]  2400/5200 F=7.9758e-02 move=64.1% lr=2.0e-02 t=13.1m
    [joint]  2450/5200 F=6.0311e-02 move=65.4% lr=2.0e-02 t=13.4m
    [joint]  2500/5200 F=5.2562e-02 move=66.0% lr=2.0e-02 t=13.6m
    [joint]  2550/5200 F=6.9238e-02 move=66.9% lr=2.0e-02 t=13.9m
    [joint]  2600/5200 F=4.6448e-02 move=68.2% lr=2.0e-02 t=14.2m
    [joint]  2650/5200 F=8.1610e-02 move=68.9% lr=2.0e-02 t=14.5m
    [joint]  2700/5200 F=5.4909e-02 move=69.7% lr=2.0e-02 t=14.7m
    [joint]  2750/5200 F=9.2721e-02 move=70.0% lr=2.0e-02 t=15.0m
    [joint]  2800/5200 F=1.2140e-01 move=71.6% lr=2.0e-02 t=15.3m
    [joint]  2850/5200 F=7.7683e-02 move=72.6% lr=2.0e-02 t=15.6m
    [joint]  2900/5200 F=6.9811e-02 move=72.6% lr=2.0e-02 t=15.8m
    [joint]  2950/5200 F=5.4733e-02 move=73.1% lr=2.0e-02 t=16.1m
    [joint]  3000/5200 F=8.1383e-02 move=73.6% lr=2.0e-02 t=16.4m
    [joint]  3050/5200 F=1.0235e-01 move=73.4% lr=2.0e-02 t=16.7m
    [joint]  3100/5200 F=5.3488e-02 move=74.6% lr=2.0e-02 t=16.9m
    [joint]  3150/5200 F=6.3441e-02 move=74.7% lr=2.0e-02 t=17.2m
    [joint]  3200/5200 F=7.4056e-02 move=75.3% lr=2.0e-02 t=17.5m
    [joint]  3250/5200 F=6.2311e-02 move=75.9% lr=2.0e-02 t=17.8m
    [joint]  3300/5200 F=4.9678e-02 move=76.4% lr=2.0e-02 t=18.0m
    [joint]  3350/5200 F=7.4962e-02 move=76.8% lr=2.0e-02 t=18.3m
    [joint]  3400/5200 F=7.1396e-02 move=76.9% lr=2.0e-02 t=18.6m
    [joint]  3450/5200 F=6.7505e-02 move=77.6% lr=2.0e-02 t=18.8m
    [joint]  3500/5200 F=5.2285e-02 move=78.0% lr=2.0e-02 t=19.1m
    [joint]  3550/5200 F=6.2850e-02 move=78.3% lr=2.0e-02 t=19.4m
    [joint]  3600/5200 F=7.2509e-02 move=78.6% lr=2.0e-02 t=19.7m
    [joint]  3650/5200 F=6.2006e-02 move=79.1% lr=2.0e-02 t=19.9m
    [joint]  3700/5200 F=6.2833e-02 move=79.8% lr=2.0e-02 t=20.2m
    [joint]  3750/5200 F=8.8970e-02 move=80.1% lr=2.0e-02 t=20.5m
    [joint]  3800/5200 F=6.5656e-02 move=80.6% lr=2.0e-02 t=20.7m
    [joint]  3850/5200 F=5.0204e-02 move=81.0% lr=2.0e-02 t=21.0m
    [joint]  3900/5200 F=6.7349e-02 move=81.9% lr=2.0e-02 t=21.3m
    [joint]  3950/5200 F=9.3775e-02 move=82.3% lr=2.0e-02 t=21.5m
    [joint]  4000/5200 F=1.4146e-01 move=82.3% lr=2.0e-02 t=21.8m
    [joint]  4050/5200 F=1.0106e-01 move=82.3% lr=2.0e-02 t=22.1m
    [joint]  4100/5200 F=1.3049e-01 move=82.9% lr=2.0e-02 t=22.3m
    [joint]  4150/5200 F=1.1154e-01 move=83.1% lr=2.0e-02 t=22.6m
    [joint]  4200/5200 F=6.4914e-02 move=83.5% lr=2.0e-02 t=22.9m
    [joint]  4250/5200 F=6.1349e-02 move=84.4% lr=2.0e-02 t=23.2m
    [joint]  4300/5200 F=6.7622e-02 move=84.9% lr=2.0e-02 t=23.4m
    [joint]  4350/5200 F=7.5785e-02 move=85.0% lr=2.0e-02 t=23.7m
    [joint]  4400/5200 F=1.2572e-01 move=85.2% lr=2.0e-02 t=24.0m
    [joint]  4450/5200 F=1.0092e-01 move=85.5% lr=2.0e-02 t=24.2m
    [joint]  4500/5200 F=6.6248e-02 move=86.6% lr=2.0e-02 t=24.5m
    [joint]  4550/5200 F=7.4307e-02 move=87.2% lr=2.0e-02 t=24.8m
    [joint]  4600/5200 F=8.5767e-02 move=87.6% lr=2.0e-02 t=25.0m
    [joint]  4650/5200 F=9.6626e-02 move=88.0% lr=2.0e-02 t=25.3m
    [joint]  4700/5200 F=1.1782e-01 move=88.7% lr=2.0e-02 t=25.6m
    [joint]  4750/5200 F=4.8870e-02 move=89.3% lr=2.0e-02 t=25.8m
    [joint]  4800/5200 F=6.9591e-02 move=90.0% lr=2.0e-02 t=26.1m
    [joint]  4850/5200 F=1.0422e-01 move=90.5% lr=2.0e-02 t=26.4m
    [joint]  4900/5200 F=7.6281e-02 move=91.8% lr=2.0e-02 t=26.6m
    [joint]  4950/5200 F=8.7742e-02 move=91.9% lr=2.0e-02 t=26.9m
    [joint]  5000/5200 F=6.2766e-02 move=92.3% lr=2.0e-02 t=27.1m
    [joint]  5050/5200 F=6.9531e-02 move=92.9% lr=2.0e-02 t=27.4m
    [joint]  5100/5200 F=8.3871e-02 move=93.4% lr=2.0e-02 t=27.7m
    [joint]  5150/5200 F=4.7647e-02 move=93.6% lr=2.0e-02 t=27.9m
    [joint]  5200/5200 F=5.8844e-02 move=93.8% lr=2.0e-02 t=28.2m
  ARM A: move=93.8% | HELD-OUT retr=0.01000 (1/100, chance 0.01000) align_cos=0.466 lat_retr=0.020 diversity=0.252 recon=0.0358 i2t=0.321

----- ARM B (warmup=yes, joint_steps=5200, jointw=0.0) -----
    [joint]    50/5200 F=8.7959e-02 move=13.2% lr=2.0e-02 t=0.3m
    [joint]   100/5200 F=9.7976e-02 move=17.9% lr=2.0e-02 t=0.5m
    [joint]   150/5200 F=1.2849e-01 move=20.5% lr=2.0e-02 t=0.8m
    [joint]   200/5200 F=7.3615e-02 move=22.8% lr=2.0e-02 t=1.1m
    [joint]   250/5200 F=5.0269e-02 move=24.9% lr=2.0e-02 t=1.3m
    [joint]   300/5200 F=7.0572e-02 move=26.5% lr=2.0e-02 t=1.6m
    [joint]   350/5200 F=6.4473e-02 move=28.1% lr=2.0e-02 t=1.8m
    [joint]   400/5200 F=1.2736e-01 move=29.6% lr=2.0e-02 t=2.1m
    [joint]   450/5200 F=1.2852e-01 move=30.8% lr=2.0e-02 t=2.4m
    [joint]   500/5200 F=3.1662e-02 move=32.2% lr=2.0e-02 t=2.6m
    [joint]   550/5200 F=1.3246e-01 move=32.8% lr=2.0e-02 t=2.9m
    [joint]   600/5200 F=8.7141e-02 move=34.1% lr=2.0e-02 t=3.1m
    [joint]   650/5200 F=1.3224e-01 move=36.0% lr=2.0e-02 t=3.4m
    [joint]   700/5200 F=1.0983e-01 move=38.2% lr=2.0e-02 t=3.7m
    [joint]   750/5200 F=6.2115e-02 move=40.6% lr=2.0e-02 t=3.9m
    [joint]   800/5200 F=7.7308e-02 move=43.2% lr=2.0e-02 t=4.2m
