[A pre-train ] F 2.624 -> 2.108  monotone=True
  epoch  0  F=0.681  train_acc=0.175  test_acc=0.126  |g|attn=2.85e-01 |g|other=4.57e-01 max|p|=0.81
  epoch  2  F=0.482  train_acc=0.155  test_acc=0.160  |g|attn=1.59e-01 |g|other=2.52e-01 max|p|=0.82
  epoch  4  F=0.711  train_acc=0.233  test_acc=0.230  |g|attn=1.01e-01 |g|other=1.53e-01 max|p|=1.09
  epoch  6  F=0.985  train_acc=0.380  test_acc=0.300  |g|attn=8.48e-02 |g|other=1.74e-01 max|p|=1.28
  epoch  8  F=0.979  train_acc=0.485  test_acc=0.390  |g|attn=6.35e-02 |g|other=1.28e-01 max|p|=1.41
  epoch 10  F=0.656  train_acc=0.537  test_acc=0.430  |g|attn=5.51e-02 |g|other=1.36e-01 max|p|=1.50
  epoch 12  F=1.887  train_acc=0.568  test_acc=0.474  |g|attn=5.48e-02 |g|other=1.50e-01 max|p|=1.58
  epoch 14  F=0.338  train_acc=0.605  test_acc=0.520  |g|attn=5.46e-02 |g|other=1.65e-01 max|p|=1.64
  epoch 16  F=1.283  train_acc=0.627  test_acc=0.548  |g|attn=6.52e-02 |g|other=2.57e-01 max|p|=1.69
  epoch 18  F=0.645  train_acc=0.637  test_acc=0.572  |g|attn=4.60e-02 |g|other=1.64e-01 max|p|=1.73
  epoch 20  F=1.265  train_acc=0.630  test_acc=0.572  |g|attn=4.57e-02 |g|other=1.54e-01 max|p|=1.77
  epoch 22  F=1.884  train_acc=0.642  test_acc=0.592  |g|attn=4.90e-02 |g|other=1.63e-01 max|p|=1.81
  epoch 24  F=0.026  train_acc=0.642  test_acc=0.594  |g|attn=6.75e-02 |g|other=2.08e-01 max|p|=1.84
  epoch 26  F=0.949  train_acc=0.647  test_acc=0.594  |g|attn=4.66e-02 |g|other=1.33e-01 max|p|=1.87
  epoch 28  F=0.648  train_acc=0.647  test_acc=0.596  |g|attn=7.64e-02 |g|other=2.48e-01 max|p|=1.90
  epoch 30  F=0.642  train_acc=0.655  test_acc=0.604  |g|attn=6.70e-02 |g|other=2.05e-01 max|p|=1.92
  epoch 32  F=0.024  train_acc=0.660  test_acc=0.616  |g|attn=7.03e-02 |g|other=1.91e-01 max|p|=1.95
  epoch 34  F=0.632  train_acc=0.662  test_acc=0.610  |g|attn=3.32e-02 |g|other=9.80e-02 max|p|=1.97
  epoch 36  F=0.953  train_acc=0.665  test_acc=0.614  |g|attn=5.78e-02 |g|other=1.63e-01 max|p|=1.99
  epoch 38  F=0.632  train_acc=0.667  test_acc=0.624  |g|attn=2.67e-02 |g|other=1.10e-01 max|p|=2.01
  epoch 40  F=0.012  train_acc=0.670  test_acc=0.630  |g|attn=4.49e-02 |g|other=1.69e-01 max|p|=2.03
  epoch 42  F=0.634  train_acc=0.670  test_acc=0.632  |g|attn=3.31e-02 |g|other=1.12e-01 max|p|=2.05
  epoch 44  F=0.954  train_acc=0.675  test_acc=0.626  |g|attn=4.98e-02 |g|other=1.66e-01 max|p|=2.07
[A post-train] F 0.826 -> 0.674  monotone=True

==== STAGE 1 (Option 1: autodiff-through-attention, single energy) ====
A inference energy down (monotone)   : True  (post-train 0.826 -> 0.674)
B training energy trends down        : True  (1.278 -> 0.737)
C cross-modal acc clearly learning   : True  (test=0.626, train=0.675, chance=0.10, bar=0.50)
D attention grads finite/nonzero/bdd : True  (|g|attn range 1.12e-02..7.33e-01, |g|other range 3.15e-02..9.47e-01, attn/other ratio~3.00e-01, max|p|=2.07)

VERDICT: PASS
hyperparams: D=64 d_model=64 heads=4 L=16  N_infer=25 beta=0.1 alpha=0.05 epochs=45 batch=64 N_train=5000  PI(recon,label)=(1.0,5.0)  (no clips, raw SGD)
train wall-clock: 40.1s (CPU, jit_compile=True)
