WARNING:tensorflow:5 out of the last 13 calls to <function run.<locals>.init_img at 0x11a108720> triggered tf.function retracing. Tracing is expensive and the excessive number of tracings could be due to (1) creating @tf.function repeatedly in a loop, (2) passing tensors with different shapes, (3) passing Python objects instead of tensors. For (1), please define your @tf.function outside of the loop. For (2), @tf.function has reduce_retracing=True option that can avoid unnecessary retracing. For (3), please refer to https://www.tensorflow.org/guide/function#controlling_retracing and https://www.tensorflow.org/api_docs/python/tf/function for  more details.
WARNING:tensorflow:6 out of the last 14 calls to <function run.<locals>.init_img at 0x11a108720> triggered tf.function retracing. Tracing is expensive and the excessive number of tracings could be due to (1) creating @tf.function repeatedly in a loop, (2) passing tensors with different shapes, (3) passing Python objects instead of tensors. For (1), please define your @tf.function outside of the loop. For (2), @tf.function has reduce_retracing=True option that can avoid unnecessary retracing. For (3), please refer to https://www.tensorflow.org/guide/function#controlling_retracing and https://www.tensorflow.org/api_docs/python/tf/function for  more details.
==== running CONV decoder ====
  [conv ] epoch  0  F=95.340  img->text=0.152  |g|conv=[6.9e-02,1.5e-02,6.2e-03] |g|attn=1.6e-01 |g|dec=4.9e-01 max|p|=6.06
  [conv ] epoch 10  F=5.731  img->text=0.318  |g|conv=[3.1e-02,1.3e-02,6.9e-03] |g|attn=2.0e-01 |g|dec=6.2e+00 max|p|=3.77
  [conv ] epoch 20  F=5.296  img->text=0.492  |g|conv=[8.2e-02,3.4e-02,2.0e-02] |g|attn=2.6e-01 |g|dec=5.8e+00 max|p|=4.18
  [conv ] epoch 29  F=6.376  img->text=0.640  |g|conv=[1.1e-01,6.4e-02,4.6e-02] |g|attn=5.0e-01 |g|dec=6.4e+00 max|p|=4.41
==== running DENSE decoder (Stage 1.6 baseline, same seed) ====
  [dense] epoch  0  F=56.011  img->text=0.150  |g|conv=[9.1e-02,4.3e-02,2.6e-02] |g|attn=2.6e-01 |g|dec=4.5e+00 max|p|=1.24
  [dense] epoch 10  F=36.636  img->text=0.400  |g|conv=[4.9e-02,2.7e-02,1.7e-02] |g|attn=2.6e-01 |g|dec=4.1e+00 max|p|=1.51
  [dense] epoch 20  F=26.356  img->text=0.486  |g|conv=[2.7e-02,2.5e-02,2.2e-02] |g|attn=2.6e-01 |g|dec=3.6e+00 max|p|=1.62
  [dense] epoch 29  F=25.321  img->text=0.626  |g|conv=[1.5e-02,1.8e-02,2.0e-02] |g|attn=1.8e-01 |g|dec=3.3e+00 max|p|=1.74

================ STAGE 1.7 HEAD-TO-HEAD (conv image decoder vs flatten-dense) ================
metric                                           CONV      DENSE (1.6)
D. image-decoder params                       152,545          250,896  (conv = 61% of dense)
A. energy descends both dirs                    False             True
   clamp-img F post (start->end)       56.07->4.08      38.58->21.37  
   clamp-txt F post (start->end)        1.44->1.22       1.41->1.27   
B. img->text accuracy                           0.640            0.626
C. text->image per-class acc                    0.400            0.900
C. image->image recon MSE                      0.0121           0.0319
F. attn grad (generative dir)                2.74e-01         1.66e-01

E. multi-scale anchor health (CONV): per-scale state move = ['4.2e-01', '4.3e-01', '6.9e-01'] (all>1e-3? True)
   per-scale/layer median grad: conv=['3.5e-02', '1.7e-02', '1.2e-02'] label=['8.7e-02', '7.8e-02', '7.6e-02']
   grad spread across scales = 7.0x (<100x? True)  max|p|=6.33
   conv class->pred: [(0, 0), (1, 1), (2, 1), (3, 3), (4, 1), (5, 5), (6, 1), (7, 1), (8, 1), (9, 7)]
   dense class->pred: [(0, 0), (1, 1), (2, 2), (3, 3), (4, 4), (5, 5), (6, 6), (7, 7), (8, 5), (9, 9)]

VERDICT: FAIL / KEEP DENSE
  A(conv)=False anchors_balanced=True gen_match_or_better=False fewer_params=True attn_ok=True

hyperparams: D=64 d_model=32 conv=[(1, 8, 2), (8, 16, 2), (16, 32, 2)] N_infer=20 beta=0.1 alpha=0.04 epochs=30 PI(cross,disc,gen)=(1.0,1.0,2.0)
plots: conv_energy_inference / conv_training / conv_accuracy / conv_text2image_samples / conv_image2image_recon / conv_grad_norms (+ dense_ref_* for visual control)
wall-clock: conv 94.8s + dense 66.6s (CPU, jit_compile=True)
